Archive member included because of file (symbol)

c:/program files/microchip/mplab c30/bin/../lib\libpic30-coff.a(crt1.o)
                              (_resetALT)
c:/program files/microchip/mplab c30/bin/../lib\libpic30-coff.a(crt0.o)
                              (_resetPRI)
c:/program files/microchip/mplab c30/bin/../lib\libm-coff.a(divsi3.o)
                              D:\Helicopter Project\source\Source\PIC source\Ghazi\DSP_Main_30F3011\main.o (__divsi3)
c:/program files/microchip/mplab c30/bin/../lib\libm-coff.a(floatsisf.o)
                              D:\Helicopter Project\source\Source\PIC source\Ghazi\DSP_Main_30F3011\main.o (__floatsisf)
c:/program files/microchip/mplab c30/bin/../lib\libm-coff.a(fixsfsi.o)
                              D:\Helicopter Project\source\Source\PIC source\Ghazi\DSP_Main_30F3011\main.o (__fixsfsi)
c:/program files/microchip/mplab c30/bin/../lib\libm-coff.a(divsf3.o)
                              D:\Helicopter Project\source\Source\PIC source\Ghazi\DSP_Main_30F3011\RF.o (__divsf3)
c:/program files/microchip/mplab c30/bin/../lib\libm-coff.a(addsf3.o)
                              D:\Helicopter Project\source\Source\PIC source\Ghazi\DSP_Main_30F3011\fuzzy.o (__subsf3)
c:/program files/microchip/mplab c30/bin/../lib\libm-coff.a(mulsf3.o)
                              D:\Helicopter Project\source\Source\PIC source\Ghazi\DSP_Main_30F3011\RF.o (__mulsf3)
c:/program files/microchip/mplab c30/bin/../lib\libm-coff.a(feqltle.o)
                              D:\Helicopter Project\source\Source\PIC source\Ghazi\DSP_Main_30F3011\fuzzy.o (__ltsf2)
c:/program files/microchip/mplab c30/bin/../lib\libm-coff.a(fgtge.o)
                              D:\Helicopter Project\source\Source\PIC source\Ghazi\DSP_Main_30F3011\fuzzy.o (__gesf2)
c:/program files/microchip/mplab c30/bin/../lib\libm-coff.a(sqrtf.o)
                              D:\Helicopter Project\source\Source\PIC source\Ghazi\DSP_Main_30F3011\fuzzy.o (sqrtf)
c:/program files/microchip/mplab c30/bin/../lib\libm-coff.a(udivsi3.o)
                              c:/program files/microchip/mplab c30/bin/../lib\libm-coff.a(divsi3.o) (__udivsi3)
c:/program files/microchip/mplab c30/bin/../lib\libm-coff.a(fpack.o)
                              c:/program files/microchip/mplab c30/bin/../lib\libm-coff.a(floatsisf.o) (_fpack)
c:/program files/microchip/mplab c30/bin/../lib\libm-coff.a(funpack.o)
                              c:/program files/microchip/mplab c30/bin/../lib\libm-coff.a(fixsfsi.o) (_funpack)
c:/program files/microchip/mplab c30/bin/../lib\libm-coff.a(funpack2.o)
                              c:/program files/microchip/mplab c30/bin/../lib\libm-coff.a(divsf3.o) (_funpack2)
c:/program files/microchip/mplab c30/bin/../lib\libm-coff.a(futil.o)
                              c:/program files/microchip/mplab c30/bin/../lib\libm-coff.a(divsf3.o) (_fPropagateNaN)
c:/program files/microchip/mplab c30/bin/../lib\libm-coff.a(fcompare.o)
                              c:/program files/microchip/mplab c30/bin/../lib\libm-coff.a(feqltle.o) (_fcompare)
c:/program files/microchip/mplab c30/bin/../lib\libm-coff.a(errno.o)
                              c:/program files/microchip/mplab c30/bin/../lib\libm-coff.a(sqrtf.o) (errno)
c:/program files/microchip/mplab c30/bin/../lib\libc-coff.a(atoi.o)
                              D:\Helicopter Project\source\Source\PIC source\Ghazi\DSP_Main_30F3011\main.o (atoi)
c:/program files/microchip/mplab c30/bin/../lib\libc-coff.a(strlen.o)
                              D:\Helicopter Project\source\Source\PIC source\Ghazi\DSP_Main_30F3011\SPI.o (strlen)
c:/program files/microchip/mplab c30/bin/../lib\libc-coff.a(memset.o)
                              D:\Helicopter Project\source\Source\PIC source\Ghazi\DSP_Main_30F3011\RF.o (memset)
c:/program files/microchip/mplab c30/bin/../lib\libc-coff.a(xstoul.o)
                              c:/program files/microchip/mplab c30/bin/../lib\libc-coff.a(atoi.o) (_Stoul)
c:/program files/microchip/mplab c30/bin/../lib\libc-coff.a(isspace.os)
                              c:/program files/microchip/mplab c30/bin/../lib\libc-coff.a(xstoul.o) (isspace)
c:/program files/microchip/mplab c30/bin/../lib\libc-coff.a(tolower.os)
                              c:/program files/microchip/mplab c30/bin/../lib\libc-coff.a(xstoul.o) (tolower)
c:/program files/microchip/mplab c30/bin/../lib\libc-coff.a(memchr.o)
                              c:/program files/microchip/mplab c30/bin/../lib\libc-coff.a(xstoul.o) (memchr)
c:/program files/microchip/mplab c30/bin/../lib\libm-coff.a(mulsi3.o)
                              c:/program files/microchip/mplab c30/bin/../lib\libc-coff.a(xstoul.o) (__mulsi3)


Program Memory Usage

section                    address   length (PC units)   length (bytes) (dec)
-------                    -------   -----------------   --------------------
.reset                           0                 0x4             0x6  (6)
.ivt                           0x4                0x7c            0xba  (186)
.aivt                         0x84                0x7c            0xba  (186)
.text                        0x100              0x21a0          0x3270  (12912)
.const                      0x22a0                0x38            0x54  (84)
.dinit                      0x22d8               0x1c4           0x2a6  (678)
.isr                        0x249c                 0x2             0x3  (3)

                     Total program memory used (bytes):         0x36e7  (14055) 57%


Data Memory Usage

section                    address      alignment gaps    total length  (dec)
-------                    -------      --------------    -------------------
.ndata                       0x800                   0           0x102  (258)
.nbss                        0x902                   0            0x94  (148)
.ndata                       0x996                   0            0x70  (112)
.nbss                        0xa06                   0            0x62  (98)
.ndata                       0xa68                   0            0x5e  (94)
.ndata                       0xac6                   0            0x4a  (74)
.ndata                       0xb10                   0            0x3c  (60)
.nbss                        0xb4c                   0             0x2  (2)

                        Total data memory used (bytes):          0x34e  (846) 82%


Dynamic Memory Usage

region                     address                      maximum length  (dec)
------                     -------                      ---------------------
heap                             0                                   0  (0)
stack                        0xb4e                                0xb2  (178)

                        Maximum dynamic memory (bytes):           0xb2  (178)


External Symbols in Data Memory (by address):

                    0x0800                  _pitch_param
                    0x083c                  _tilt_rate_param
                    0x0878                  _PitchRule
                    0x0902                  _ERCMDflag
                    0x0903                  _T2flag
                    0x0904                  _clock
                    0x0906                  _pitch_mf
                    0x094e                  _roll_mf
                    0x0996                  _pwmCommand
                    0x099b                  _GP_handshake
                    0x09a4                  _GSPI_AccReq
                    0x09ac                  _GSPI_2GyroReq
                    0x09b2                  _GSPI_CompReq
                    0x09b6                  _GSPI_AcousticReq
                    0x09ba                  _GSPI_VoltReq
                    0x09c0                  _GSPI_TempReq
                    0x09c4                  _GSPI_RpmReq
                    0x09c8                  _GSPI_StatusReq
                    0x09cc                  _GSPI_TimeReq
                    0x09d4                  _GSPI_LatReq
                    0x09df                  _GSPI_LongReq
                    0x09ec                  _GSPI_AltReq
                    0x09f5                  _GSPI_SatReq
                    0x09fa                  _pitch_angle_mf
                    0x09fc                  _pitch_rate_mf
                    0x09fe                  _pitch_accel_mf
                    0x0a00                  _roll_angle_mf
                    0x0a02                  _roll_rate_mf
                    0x0a04                  _roll_accel_mf
                    0x0a14                  _GP_dump
                    0x0a16                  _GP_helicopter
                    0x0a68                  _GP_bytercvd
                    0x0a69                  _GP_datavalid
                    0x0a6a                  _GP_data
                    0x0a8a                  _GP_data_len
                    0x0a8b                  _GP_engRPMsp
                    0x0a8e                  _GP_pitchsp
                    0x0a91                  _GP_rollsp
                    0x0a94                  _GP_yawsp
                    0x0a97                  _GP_collsp
                    0x0a9a                  _GP_hs
                    0x0a9b                  _GP_engON
                    0x0a9c                  _latcorr
                    0x0a9e                  _longcorr
                    0x0aa0                  _altcorr
                    0x0aa2                  _seconds
                    0x0aa4                  _newPWM
                    0x0b10                  _GSPI_AccData
                    0x0b16                  _GSPI_2GyroData
                    0x0b1a                  _GSPI_YawGyroData
                    0x0b1c                  _GSPI_CompData
                    0x0b1e                  _GSPI_AcousticData
                    0x0b20                  _GSPI_VoltData
                    0x0b24                  _GSPI_TempData
                    0x0b26                  _GSPI_RpmData
                    0x0b28                  _GSPI_StatusData
                    0x0b2a                  _GSPI_TimeData
                    0x0b30                  _GSPI_LatData
                    0x0b39                  _GSPI_LongData
                    0x0b43                  _GSPI_AltData
                    0x0b4a                  _GSPI_SatData

External Symbols in Data Memory (by name):

                    0x0902                  _ERCMDflag
                    0x0a68                  _GP_bytercvd
                    0x0a97                  _GP_collsp
                    0x0a6a                  _GP_data
                    0x0a8a                  _GP_data_len
                    0x0a69                  _GP_datavalid
                    0x0a14                  _GP_dump
                    0x0a9b                  _GP_engON
                    0x0a8b                  _GP_engRPMsp
                    0x099b                  _GP_handshake
                    0x0a16                  _GP_helicopter
                    0x0a9a                  _GP_hs
                    0x0a8e                  _GP_pitchsp
                    0x0a91                  _GP_rollsp
                    0x0a94                  _GP_yawsp
                    0x0b16                  _GSPI_2GyroData
                    0x09ac                  _GSPI_2GyroReq
                    0x0b10                  _GSPI_AccData
                    0x09a4                  _GSPI_AccReq
                    0x0b1e                  _GSPI_AcousticData
                    0x09b6                  _GSPI_AcousticReq
                    0x0b43                  _GSPI_AltData
                    0x09ec                  _GSPI_AltReq
                    0x0b1c                  _GSPI_CompData
                    0x09b2                  _GSPI_CompReq
                    0x0b30                  _GSPI_LatData
                    0x09d4                  _GSPI_LatReq
                    0x0b39                  _GSPI_LongData
                    0x09df                  _GSPI_LongReq
                    0x0b26                  _GSPI_RpmData
                    0x09c4                  _GSPI_RpmReq
                    0x0b4a                  _GSPI_SatData
                    0x09f5                  _GSPI_SatReq
                    0x0b28                  _GSPI_StatusData
                    0x09c8                  _GSPI_StatusReq
                    0x0b24                  _GSPI_TempData
                    0x09c0                  _GSPI_TempReq
                    0x0b2a                  _GSPI_TimeData
                    0x09cc                  _GSPI_TimeReq
                    0x0b20                  _GSPI_VoltData
                    0x09ba                  _GSPI_VoltReq
                    0x0b1a                  _GSPI_YawGyroData
                    0x0878                  _PitchRule
                    0x0903                  _T2flag
                    0x0aa0                  _altcorr
                    0x0904                  _clock
                    0x0a9c                  _latcorr
                    0x0a9e                  _longcorr
                    0x0aa4                  _newPWM
                    0x09fe                  _pitch_accel_mf
                    0x09fa                  _pitch_angle_mf
                    0x0906                  _pitch_mf
                    0x0800                  _pitch_param
                    0x09fc                  _pitch_rate_mf
                    0x0996                  _pwmCommand
                    0x0a04                  _roll_accel_mf
                    0x0a00                  _roll_angle_mf
                    0x094e                  _roll_mf
                    0x0a02                  _roll_rate_mf
                    0x0aa2                  _seconds
                    0x083c                  _tilt_rate_param

External Symbols in Program Memory (by address):

                  0x000100                  __resetPRI
                  0x000180                  _atoi
                  0x000186                  _strlen
                  0x000194                  _memset
                  0x0001a6                  __Stoul
                  0x0002ce                  _isspace
                  0x0002de                  _tolower
                  0x0002ec                  _memchr
                  0x000300                  ___divsi3
                  0x00031e                  ___floatsisf
                  0x000374                  ___fixsfsi
                  0x0003b6                  ___divsf3
                  0x00043a                  ___subsf3
                  0x00043c                  ___addsf3
                  0x0004f6                  ___mulsf3
                  0x00055e                  ___ltsf2
                  0x00055e                  ___lesf2
                  0x00055e                  ___eqsf2
                  0x000562                  ___gtsf2
                  0x000562                  ___gesf2
                  0x000566                  _sqrtf
                  0x0005d0                  ___udivsi3
                  0x0005f0                  __fpack
                  0x00063c                  __funpack
                  0x000666                  __funpack2
                  0x000676                  __fPropagateNaN
                  0x000688                  __fbopExit
                  0x000690                  __fbopReturnNaN
                  0x000696                  __fcompare
                  0x0006cc                  ___mulsi3
                  0x0006d8                  _main
                  0x000b24                  _fillpwmCommand
                  0x000b3a                  _setupTRIS
                  0x000b5e                  _init_GVars
                  0x000b7c                  _init_T1
                  0x000b9a                  _init_T2
                  0x000bbc                  _init_LEDs
                  0x000bc2                  __U2RXInterrupt
                  0x000bec                  __T1Interrupt
                  0x000c2a                  __T2Interrupt
                  0x000c3e                  _Init_PWM
                  0x000c84                  _GP_init_UART
                  0x000ca4                  _GP_TX_ercmd
                  0x000cb2                  _SPI_init
                  0x000d04                  _SPI_tx_byte
                  0x000d18                  _SPI_tx_word
                  0x000d2a                  _SPI_tx_command
                  0x000d70                  _SPI_tx_req
                  0x000e24                  _SPI_readTemp1
                  0x000e78                  _GP_TX_char
                  0x000e8e                  _GP_TX_error
                  0x000f14                  _GP_TX_packet
                  0x000f3a                  _GP_state_machine
                  0x00111c                  _GP_parse_data
                  0x001600                  _GP_TX_telemetry
                  0x001a48                  _GP_ACK
                  0x001b0c                  _GP_init_chopper
                  0x001b96                  _set_PRY
                  0x001bae                  _set_GPSlat
                  0x001bc6                  _set_GPSlong
                  0x001bec                  _corr_GPSlatlongalt
                  0x001c8c                  _Equ_line
                  0x001cd6                  _Fuzzification
                  0x00206a                  _doRules
                  0x00249c                  __DefaultInterrupt

External Symbols in Program Memory (by name):

                  0x001c8c                  _Equ_line
                  0x001cd6                  _Fuzzification
                  0x001a48                  _GP_ACK
                  0x000e78                  _GP_TX_char
                  0x000ca4                  _GP_TX_ercmd
                  0x000e8e                  _GP_TX_error
                  0x000f14                  _GP_TX_packet
                  0x001600                  _GP_TX_telemetry
                  0x000c84                  _GP_init_UART
                  0x001b0c                  _GP_init_chopper
                  0x00111c                  _GP_parse_data
                  0x000f3a                  _GP_state_machine
                  0x000c3e                  _Init_PWM
                  0x000cb2                  _SPI_init
                  0x000e24                  _SPI_readTemp1
                  0x000d04                  _SPI_tx_byte
                  0x000d2a                  _SPI_tx_command
                  0x000d70                  _SPI_tx_req
                  0x000d18                  _SPI_tx_word
                  0x00249c                  __DefaultInterrupt
                  0x0001a6                  __Stoul
                  0x000bec                  __T1Interrupt
                  0x000c2a                  __T2Interrupt
                  0x000bc2                  __U2RXInterrupt
                  0x00043c                  ___addsf3
                  0x0003b6                  ___divsf3
                  0x000300                  ___divsi3
                  0x00055e                  ___eqsf2
                  0x000374                  ___fixsfsi
                  0x00031e                  ___floatsisf
                  0x000562                  ___gesf2
                  0x000562                  ___gtsf2
                  0x00055e                  ___lesf2
                  0x00055e                  ___ltsf2
                  0x0004f6                  ___mulsf3
                  0x0006cc                  ___mulsi3
                  0x00043a                  ___subsf3
                  0x0005d0                  ___udivsi3
                  0x000676                  __fPropagateNaN
                  0x000688                  __fbopExit
                  0x000690                  __fbopReturnNaN
                  0x000696                  __fcompare
                  0x0005f0                  __fpack
                  0x00063c                  __funpack
                  0x000666                  __funpack2
                  0x000100                  __resetPRI
                  0x000180                  _atoi
                  0x001bec                  _corr_GPSlatlongalt
                  0x00206a                  _doRules
                  0x000b24                  _fillpwmCommand
                  0x000b5e                  _init_GVars
                  0x000bbc                  _init_LEDs
                  0x000b7c                  _init_T1
                  0x000b9a                  _init_T2
                  0x0002ce                  _isspace
                  0x0006d8                  _main
                  0x0002ec                  _memchr
                  0x000194                  _memset
                  0x001bae                  _set_GPSlat
                  0x001bc6                  _set_GPSlong
                  0x001b96                  _set_PRY
                  0x000b3a                  _setupTRIS
                  0x000566                  _sqrtf
                  0x000186                  _strlen
                  0x0002de                  _tolower

Memory Configuration

Name             Origin             Length             Attributes
data             0x000800           0x000400           a !xr
program          0x000100           0x003f00           xr
reset            0x000000           0x000004  
ivt              0x000004           0x00007c  
aivt             0x000084           0x00007c  
__FOSC           0xf80000           0x000002  
__FWDT           0xf80002           0x000002  
__FBORPOR        0xf80004           0x000002  
__CONFIG4        0xf80006           0x000002  
__CONFIG5        0xf80008           0x000002  
__FGS            0xf8000a           0x000002  
__FUID0          0x8005c0           0x000002  
__FUID1          0x8005c2           0x000002  
__FUID2          0x8005c4           0x000002  
__FUID3          0x8005c6           0x000002  
eedata           0x7ffc00           0x000400  
*default*        0x000000           0xffffffff  

Linker script and memory map

LOAD D:\Helicopter Project\source\Source\PIC source\Ghazi\DSP_Main_30F3011\main.o
LOAD D:\Helicopter Project\source\Source\PIC source\Ghazi\DSP_Main_30F3011\SPI.o
LOAD D:\Helicopter Project\source\Source\PIC source\Ghazi\DSP_Main_30F3011\RF.o
LOAD D:\Helicopter Project\source\Source\PIC source\Ghazi\DSP_Main_30F3011\fuzzy.o
                    0x0001                  __NO_HANDLES = 0x1
                    0xf80000                  __FOSC = 0xf80000
                    0xf80002                  __FWDT = 0xf80002
                    0xf80004                  __FBORPOR = 0xf80004
                    0xf80006                  __CONFIG4 = 0xf80006
                    0xf80008                  __CONFIG5 = 0xf80008
                    0xf8000a                  __FGS = 0xf8000a
                    0x8005c0                  __FUID0 = 0x8005c0
                    0x8005c2                  __FUID1 = 0x8005c2
                    0x8005c4                  __FUID2 = 0x8005c4
                    0x8005c6                  __FUID3 = 0x8005c6
                    0x0000                  __RESET_BASE = 0x0
                    0x0004                  __IVT_BASE = 0x4
                    0x0084                  __AIVT_BASE = 0x84
                    0x0100                  __CODE_BASE = 0x100
                    0x0000                  __SFR_BASE = 0x0
                    0x0800                  __DATA_BASE = 0x800
                    0x0a00                  __YDATA_BASE = 0xa00

.reset            0x000000          0x4
                  0x000000          0x2 SHORT 0x100 <code 336> (__reset)
                  0x000001          0x2 SHORT 0x4
                  0x000002          0x2 SHORT 0x0 ((<code 336> (__reset) >> 0x10) & 0x7f)
                  0x000003          0x2 SHORT 0x0

.text             0x000100       0x21a0
 *(.handle)
 *(.libc)
 .libc            0x000100         0x80 c:/program files/microchip/mplab c30/bin/../lib\libpic30-coff.a(crt0.o)
                  0x000100                  _resetPRI
                  0x000100                  _reset
                  0x000114                  _psv_init
                  0x000124                  _data_init
 .libc            0x000180          0x6 c:/program files/microchip/mplab c30/bin/../lib\libc-coff.a(atoi.o)
                  0x000180                  atoi
 .libc            0x000186          0xe c:/program files/microchip/mplab c30/bin/../lib\libc-coff.a(strlen.o)
                  0x000186                  strlen
 .libc            0x000194         0x12 c:/program files/microchip/mplab c30/bin/../lib\libc-coff.a(memset.o)
                  0x000194                  memset
 .libc            0x0001a6        0x128 c:/program files/microchip/mplab c30/bin/../lib\libc-coff.a(xstoul.o)
                  0x0001a6                  _Stoul
 .libc            0x0002ce         0x10 c:/program files/microchip/mplab c30/bin/../lib\libc-coff.a(isspace.os)
                  0x0002ce                  isspace
 .libc            0x0002de          0xe c:/program files/microchip/mplab c30/bin/../lib\libc-coff.a(tolower.os)
                  0x0002de                  tolower
 .libc            0x0002ec         0x14 c:/program files/microchip/mplab c30/bin/../lib\libc-coff.a(memchr.o)
                  0x0002ec                  memchr
 *(.libm)
 .libm            0x000300         0x1e c:/program files/microchip/mplab c30/bin/../lib\libm-coff.a(divsi3.o)
                  0x000300                  __divsi3
 .libm            0x00031e         0x56 c:/program files/microchip/mplab c30/bin/../lib\libm-coff.a(floatsisf.o)
                  0x00031e                  __floatsisf
 .libm            0x000374         0x42 c:/program files/microchip/mplab c30/bin/../lib\libm-coff.a(fixsfsi.o)
                  0x000374                  __fixsfsi
 .libm            0x0003b6         0x84 c:/program files/microchip/mplab c30/bin/../lib\libm-coff.a(divsf3.o)
                  0x0003b6                  __divsf3
 .libm            0x00043a         0xbc c:/program files/microchip/mplab c30/bin/../lib\libm-coff.a(addsf3.o)
                  0x00043a                  __subsf3
                  0x00043c                  __addsf3
 .libm            0x0004f6         0x68 c:/program files/microchip/mplab c30/bin/../lib\libm-coff.a(mulsf3.o)
                  0x0004f6                  __mulsf3
 .libm            0x00055e          0x4 c:/program files/microchip/mplab c30/bin/../lib\libm-coff.a(feqltle.o)
                  0x00055e                  __eqsf2
                  0x00055e                  __ltsf2
                  0x00055e                  __lesf2
 .libm            0x000562          0x4 c:/program files/microchip/mplab c30/bin/../lib\libm-coff.a(fgtge.o)
                  0x000562                  __gesf2
                  0x000562                  __gtsf2
 .libm            0x000566         0x6a c:/program files/microchip/mplab c30/bin/../lib\libm-coff.a(sqrtf.o)
                  0x000566                  sqrtf
 .libm            0x0005d0         0x20 c:/program files/microchip/mplab c30/bin/../lib\libm-coff.a(udivsi3.o)
                  0x0005d0                  __udivsi3
 .libm            0x0005f0         0x4c c:/program files/microchip/mplab c30/bin/../lib\libm-coff.a(fpack.o)
                  0x0005f0                  _fpack
 .libm            0x00063c         0x2a c:/program files/microchip/mplab c30/bin/../lib\libm-coff.a(funpack.o)
                  0x00063c                  _funpack
 .libm            0x000666         0x10 c:/program files/microchip/mplab c30/bin/../lib\libm-coff.a(funpack2.o)
                  0x000666                  _funpack2
 .libm            0x000676         0x20 c:/program files/microchip/mplab c30/bin/../lib\libm-coff.a(futil.o)
                  0x000676                  _fPropagateNaN
                  0x000688                  _fbopExit
                  0x000690                  _fbopReturnNaN
 .libm            0x000696         0x36 c:/program files/microchip/mplab c30/bin/../lib\libm-coff.a(fcompare.o)
                  0x000696                  _fcompare
 .libm            0x0006cc          0xc c:/program files/microchip/mplab c30/bin/../lib\libm-coff.a(mulsi3.o)
                  0x0006cc                  __mulsi3
 *(.libdsp)
 *(.lib*)
 *(.text)
 .text            0x0006d8        0x5da D:\Helicopter Project\source\Source\PIC source\Ghazi\DSP_Main_30F3011\main.o
                  0x0006d8                  main
                  0x000b24                  fillpwmCommand
                  0x000b3a                  setupTRIS
                  0x000b5e                  init_GVars
                  0x000b7c                  init_T1
                  0x000b9a                  init_T2
                  0x000bbc                  init_LEDs
                  0x000bc2                  _U2RXInterrupt
                  0x000bec                  _T1Interrupt
                  0x000c2a                  _T2Interrupt
                  0x000c3e                  Init_PWM
                  0x000c84                  GP_init_UART
                  0x000ca4                  GP_TX_ercmd
 .text            0x000cb2        0x1c6 D:\Helicopter Project\source\Source\PIC source\Ghazi\DSP_Main_30F3011\SPI.o
                  0x000cb2                  SPI_init
                  0x000d04                  SPI_tx_byte
                  0x000d18                  SPI_tx_word
                  0x000d2a                  SPI_tx_command
                  0x000d70                  SPI_tx_req
                  0x000e24                  SPI_readTemp1
 .text            0x000e78        0xe14 D:\Helicopter Project\source\Source\PIC source\Ghazi\DSP_Main_30F3011\RF.o
                  0x000e78                  GP_TX_char
                  0x000e8e                  GP_TX_error
                  0x000f14                  GP_TX_packet
                  0x000f3a                  GP_state_machine
                  0x00111c                  GP_parse_data
                  0x001600                  GP_TX_telemetry
                  0x001a48                  GP_ACK
                  0x001b0c                  GP_init_chopper
                  0x001b96                  set_PRY
                  0x001bae                  set_GPSlat
                  0x001bc6                  set_GPSlong
                  0x001bec                  corr_GPSlatlongalt
 .text            0x001c8c        0x614 D:\Helicopter Project\source\Source\PIC source\Ghazi\DSP_Main_30F3011\fuzzy.o
                  0x001c8c                  Equ_line
                  0x001cd6                  Fuzzification
                  0x00206a                  doRules

usercode
 *(usercode)

__FOSC
 *(__FOSC.sec)

__FWDT
 *(__FWDT.sec)

__FBORPOR
 *(__FBORPOR.sec)

__CONFIG4
 *(__CONFIG4.sec)

__CONFIG5
 *(__CONFIG5.sec)

__FGS
 *(__FGS.sec)

__FUID0
 *(__FUID0.sec)

__FUID1
 *(__FUID1.sec)

__FUID2
 *(__FUID2.sec)

__FUID3
 *(__FUID3.sec)

user_eedata
 *(user_eedata)

userdata
 *(userdata)

.comment
 *(.comment)

.debug_info
 *(.debug_info)
 *(.gnu.linkonce.wi.*)

.debug_abbrev
 *(.debug_abbrev)

.debug_line
 *(.debug_line)

.debug_frame
 *(.debug_frame)

.debug_str
 *(.debug_str)

.debug_loc
 *(.debug_loc)

.debug_macinfo
 *(.debug_macinfo)

.debug_pubnames
 *(.debug_pubnames)

.debug_ranges
 *(.debug_ranges)

.debug_aranges
 *(.debug_aranges)

.ivt              0x000004         0x7c
                  0x000004          0x4 LONG 0x249c DEFINED (__ReservedTrap0)?<code 336> (__ReservedTrap0):<code 336> (__DefaultInterrupt)
                  0x000006          0x4 LONG 0x249c DEFINED (__OscillatorFail)?<code 336> (__OscillatorFail):<code 336> (__DefaultInterrupt)
                  0x000008          0x4 LONG 0x249c DEFINED (__AddressError)?<code 336> (__AddressError):<code 336> (__DefaultInterrupt)
                  0x00000a          0x4 LONG 0x249c DEFINED (__StackError)?<code 336> (__StackError):<code 336> (__DefaultInterrupt)
                  0x00000c          0x4 LONG 0x249c DEFINED (__MathError)?<code 336> (__MathError):<code 336> (__DefaultInterrupt)
                  0x00000e          0x4 LONG 0x249c DEFINED (__ReservedTrap5)?<code 336> (__ReservedTrap5):<code 336> (__DefaultInterrupt)
                  0x000010          0x4 LONG 0x249c DEFINED (__ReservedTrap6)?<code 336> (__ReservedTrap6):<code 336> (__DefaultInterrupt)
                  0x000012          0x4 LONG 0x249c DEFINED (__ReservedTrap7)?<code 336> (__ReservedTrap7):<code 336> (__DefaultInterrupt)
                  0x000014          0x4 LONG 0x249c DEFINED (__INT0Interrupt)?<code 336> (__INT0Interrupt):<code 336> (__DefaultInterrupt)
                  0x000016          0x4 LONG 0x249c DEFINED (__IC1Interrupt)?<code 336> (__IC1Interrupt):<code 336> (__DefaultInterrupt)
                  0x000018          0x4 LONG 0x249c DEFINED (__OC1Interrupt)?<code 336> (__OC1Interrupt):<code 336> (__DefaultInterrupt)
                  0x00001a          0x4 LONG 0xbec DEFINED (__T1Interrupt)?<code 336> (__T1Interrupt):<code 336> (__DefaultInterrupt)
                  0x00001c          0x4 LONG 0x249c DEFINED (__IC2Interrupt)?<code 336> (__IC2Interrupt):<code 336> (__DefaultInterrupt)
                  0x00001e          0x4 LONG 0x249c DEFINED (__OC2Interrupt)?<code 336> (__OC2Interrupt):<code 336> (__DefaultInterrupt)
                  0x000020          0x4 LONG 0xc2a DEFINED (__T2Interrupt)?<code 336> (__T2Interrupt):<code 336> (__DefaultInterrupt)
                  0x000022          0x4 LONG 0x249c DEFINED (__T3Interrupt)?<code 336> (__T3Interrupt):<code 336> (__DefaultInterrupt)
                  0x000024          0x4 LONG 0x249c DEFINED (__SPI1Interrupt)?<code 336> (__SPI1Interrupt):<code 336> (__DefaultInterrupt)
                  0x000026          0x4 LONG 0x249c DEFINED (__U1RXInterrupt)?<code 336> (__U1RXInterrupt):<code 336> (__DefaultInterrupt)
                  0x000028          0x4 LONG 0x249c DEFINED (__U1TXInterrupt)?<code 336> (__U1TXInterrupt):<code 336> (__DefaultInterrupt)
                  0x00002a          0x4 LONG 0x249c DEFINED (__ADCInterrupt)?<code 336> (__ADCInterrupt):<code 336> (__DefaultInterrupt)
                  0x00002c          0x4 LONG 0x249c DEFINED (__NVMInterrupt)?<code 336> (__NVMInterrupt):<code 336> (__DefaultInterrupt)
                  0x00002e          0x4 LONG 0x249c DEFINED (__SI2CInterrupt)?<code 336> (__SI2CInterrupt):<code 336> (__DefaultInterrupt)
                  0x000030          0x4 LONG 0x249c DEFINED (__MI2CInterrupt)?<code 336> (__MI2CInterrupt):<code 336> (__DefaultInterrupt)
                  0x000032          0x4 LONG 0x249c DEFINED (__CNInterrupt)?<code 336> (__CNInterrupt):<code 336> (__DefaultInterrupt)
                  0x000034          0x4 LONG 0x249c DEFINED (__INT1Interrupt)?<code 336> (__INT1Interrupt):<code 336> (__DefaultInterrupt)
                  0x000036          0x4 LONG 0x249c DEFINED (__IC7Interrupt)?<code 336> (__IC7Interrupt):<code 336> (__DefaultInterrupt)
                  0x000038          0x4 LONG 0x249c DEFINED (__IC8Interrupt)?<code 336> (__IC8Interrupt):<code 336> (__DefaultInterrupt)
                  0x00003a          0x4 LONG 0x249c DEFINED (__OC3Interrupt)?<code 336> (__OC3Interrupt):<code 336> (__DefaultInterrupt)
                  0x00003c          0x4 LONG 0x249c DEFINED (__OC4Interrupt)?<code 336> (__OC4Interrupt):<code 336> (__DefaultInterrupt)
                  0x00003e          0x4 LONG 0x249c DEFINED (__T4Interrupt)?<code 336> (__T4Interrupt):<code 336> (__DefaultInterrupt)
                  0x000040          0x4 LONG 0x249c DEFINED (__T5Interrupt)?<code 336> (__T5Interrupt):<code 336> (__DefaultInterrupt)
                  0x000042          0x4 LONG 0x249c DEFINED (__INT2Interrupt)?<code 336> (__INT2Interrupt):<code 336> (__DefaultInterrupt)
                  0x000044          0x4 LONG 0xbc2 DEFINED (__U2RXInterrupt)?<code 336> (__U2RXInterrupt):<code 336> (__DefaultInterrupt)
                  0x000046          0x4 LONG 0x249c DEFINED (__U2TXInterrupt)?<code 336> (__U2TXInterrupt):<code 336> (__DefaultInterrupt)
                  0x000048          0x4 LONG 0x249c DEFINED (__SPI2Interrupt)?<code 336> (__SPI2Interrupt):<code 336> (__DefaultInterrupt)
                  0x00004a          0x4 LONG 0x249c DEFINED (__C1Interrupt)?<code 336> (__C1Interrupt):<code 336> (__DefaultInterrupt)
                  0x00004c          0x4 LONG 0x249c DEFINED (__IC3Interrupt)?<code 336> (__IC3Interrupt):<code 336> (__DefaultInterrupt)
                  0x00004e          0x4 LONG 0x249c DEFINED (__IC4Interrupt)?<code 336> (__IC4Interrupt):<code 336> (__DefaultInterrupt)
                  0x000050          0x4 LONG 0x249c DEFINED (__IC5Interrupt)?<code 336> (__IC5Interrupt):<code 336> (__DefaultInterrupt)
                  0x000052          0x4 LONG 0x249c DEFINED (__IC6Interrupt)?<code 336> (__IC6Interrupt):<code 336> (__DefaultInterrupt)
                  0x000054          0x4 LONG 0x249c DEFINED (__OC5Interrupt)?<code 336> (__OC5Interrupt):<code 336> (__DefaultInterrupt)
                  0x000056          0x4 LONG 0x249c DEFINED (__OC6Interrupt)?<code 336> (__OC6Interrupt):<code 336> (__DefaultInterrupt)
                  0x000058          0x4 LONG 0x249c DEFINED (__OC7Interrupt)?<code 336> (__OC7Interrupt):<code 336> (__DefaultInterrupt)
                  0x00005a          0x4 LONG 0x249c DEFINED (__OC8Interrupt)?<code 336> (__OC8Interrupt):<code 336> (__DefaultInterrupt)
                  0x00005c          0x4 LONG 0x249c DEFINED (__INT3Interrupt)?<code 336> (__INT3Interrupt):<code 336> (__DefaultInterrupt)
                  0x00005e          0x4 LONG 0x249c DEFINED (__INT4Interrupt)?<code 336> (__INT4Interrupt):<code 336> (__DefaultInterrupt)
                  0x000060          0x4 LONG 0x249c DEFINED (__C2Interrupt)?<code 336> (__C2Interrupt):<code 336> (__DefaultInterrupt)
                  0x000062          0x4 LONG 0x249c DEFINED (__PWMInterrupt)?<code 336> (__PWMInterrupt):<code 336> (__DefaultInterrupt)
                  0x000064          0x4 LONG 0x249c DEFINED (__QEIInterrupt)?<code 336> (__QEIInterrupt):<code 336> (__DefaultInterrupt)
                  0x000066          0x4 LONG 0x249c DEFINED (__DCIInterrupt)?<code 336> (__DCIInterrupt):<code 336> (__DefaultInterrupt)
                  0x000068          0x4 LONG 0x249c DEFINED (__LVDInterrupt)?<code 336> (__LVDInterrupt):<code 336> (__DefaultInterrupt)
                  0x00006a          0x4 LONG 0x249c DEFINED (__FLTAInterrupt)?<code 336> (__FLTAInterrupt):<code 336> (__DefaultInterrupt)
                  0x00006c          0x4 LONG 0x249c DEFINED (__FLTBInterrupt)?<code 336> (__FLTBInterrupt):<code 336> (__DefaultInterrupt)
                  0x00006e          0x4 LONG 0x249c DEFINED (__Interrupt45)?<code 336> (__Interrupt45):<code 336> (__DefaultInterrupt)
                  0x000070          0x4 LONG 0x249c DEFINED (__Interrupt46)?<code 336> (__Interrupt46):<code 336> (__DefaultInterrupt)
                  0x000072          0x4 LONG 0x249c DEFINED (__Interrupt47)?<code 336> (__Interrupt47):<code 336> (__DefaultInterrupt)
                  0x000074          0x4 LONG 0x249c DEFINED (__Interrupt48)?<code 336> (__Interrupt48):<code 336> (__DefaultInterrupt)
                  0x000076          0x4 LONG 0x249c DEFINED (__Interrupt49)?<code 336> (__Interrupt49):<code 336> (__DefaultInterrupt)
                  0x000078          0x4 LONG 0x249c DEFINED (__Interrupt50)?<code 336> (__Interrupt50):<code 336> (__DefaultInterrupt)
                  0x00007a          0x4 LONG 0x249c DEFINED (__Interrupt51)?<code 336> (__Interrupt51):<code 336> (__DefaultInterrupt)
                  0x00007c          0x4 LONG 0x249c DEFINED (__Interrupt52)?<code 336> (__Interrupt52):<code 336> (__DefaultInterrupt)
                  0x00007e          0x4 LONG 0x249c DEFINED (__Interrupt53)?<code 336> (__Interrupt53):<code 336> (__DefaultInterrupt)

.aivt             0x000084         0x7c
                  0x000084          0x4 LONG 0x249c DEFINED (__AltReservedTrap0)?<code 336> (__AltReservedTrap0):DEFINED (__ReservedTrap0)?<code 336> (__ReservedTrap0):<code 336> (__DefaultInterrupt)
                  0x000086          0x4 LONG 0x249c DEFINED (__AltOscillatorFail)?<code 336> (__AltOscillatorFail):DEFINED (__OscillatorFail)?<code 336> (__OscillatorFail):<code 336> (__DefaultInterrupt)
                  0x000088          0x4 LONG 0x249c DEFINED (__AltAddressError)?<code 336> (__AltAddressError):DEFINED (__AddressError)?<code 336> (__AddressError):<code 336> (__DefaultInterrupt)
                  0x00008a          0x4 LONG 0x249c DEFINED (__AltStackError)?<code 336> (__AltStackError):DEFINED (__StackError)?<code 336> (__StackError):<code 336> (__DefaultInterrupt)
                  0x00008c          0x4 LONG 0x249c DEFINED (__AltMathError)?<code 336> (__AltMathError):DEFINED (__MathError)?<code 336> (__MathError):<code 336> (__DefaultInterrupt)
                  0x00008e          0x4 LONG 0x249c DEFINED (__AltReservedTrap5)?<code 336> (__AltReservedTrap5):DEFINED (__ReservedTrap5)?<code 336> (__ReservedTrap5):<code 336> (__DefaultInterrupt)
                  0x000090          0x4 LONG 0x249c DEFINED (__AltReservedTrap6)?<code 336> (__AltReservedTrap6):DEFINED (__ReservedTrap6)?<code 336> (__ReservedTrap6):<code 336> (__DefaultInterrupt)
                  0x000092          0x4 LONG 0x249c DEFINED (__AltReservedTrap7)?<code 336> (__AltReservedTrap7):DEFINED (__ReservedTrap7)?<code 336> (__ReservedTrap7):<code 336> (__DefaultInterrupt)
                  0x000094          0x4 LONG 0x249c DEFINED (__AltINT0Interrupt)?<code 336> (__AltINT0Interrupt):DEFINED (__INT0Interrupt)?<code 336> (__INT0Interrupt):<code 336> (__DefaultInterrupt)
                  0x000096          0x4 LONG 0x249c DEFINED (__AltIC1Interrupt)?<code 336> (__AltIC1Interrupt):DEFINED (__IC1Interrupt)?<code 336> (__IC1Interrupt):<code 336> (__DefaultInterrupt)
                  0x000098          0x4 LONG 0x249c DEFINED (__AltOC1Interrupt)?<code 336> (__AltOC1Interrupt):DEFINED (__OC1Interrupt)?<code 336> (__OC1Interrupt):<code 336> (__DefaultInterrupt)
                  0x00009a          0x4 LONG 0xbec DEFINED (__AltT1Interrupt)?<code 336> (__AltT1Interrupt):DEFINED (__T1Interrupt)?<code 336> (__T1Interrupt):<code 336> (__DefaultInterrupt)
                  0x00009c          0x4 LONG 0x249c DEFINED (__AltIC2Interrupt)?<code 336> (__AltIC2Interrupt):DEFINED (__IC2Interrupt)?<code 336> (__IC2Interrupt):<code 336> (__DefaultInterrupt)
                  0x00009e          0x4 LONG 0x249c DEFINED (__AltOC2Interrupt)?<code 336> (__AltOC2Interrupt):DEFINED (__OC2Interrupt)?<code 336> (__OC2Interrupt):<code 336> (__DefaultInterrupt)
                  0x0000a0          0x4 LONG 0xc2a DEFINED (__AltT2Interrupt)?<code 336> (__AltT2Interrupt):DEFINED (__T2Interrupt)?<code 336> (__T2Interrupt):<code 336> (__DefaultInterrupt)
                  0x0000a2          0x4 LONG 0x249c DEFINED (__AltT3Interrupt)?<code 336> (__AltT3Interrupt):DEFINED (__T3Interrupt)?<code 336> (__T3Interrupt):<code 336> (__DefaultInterrupt)
                  0x0000a4          0x4 LONG 0x249c DEFINED (__AltSPI1Interrupt)?<code 336> (__AltSPI1Interrupt):DEFINED (__SPI1Interrupt)?<code 336> (__SPI1Interrupt):<code 336> (__DefaultInterrupt)
                  0x0000a6          0x4 LONG 0x249c DEFINED (__AltU1RXInterrupt)?<code 336> (__AltU1RXInterrupt):DEFINED (__U1RXInterrupt)?<code 336> (__U1RXInterrupt):<code 336> (__DefaultInterrupt)
                  0x0000a8          0x4 LONG 0x249c DEFINED (__AltU1TXInterrupt)?<code 336> (__AltU1TXInterrupt):DEFINED (__U1TXInterrupt)?<code 336> (__U1TXInterrupt):<code 336> (__DefaultInterrupt)
                  0x0000aa          0x4 LONG 0x249c DEFINED (__AltADCInterrupt)?<code 336> (__AltADCInterrupt):DEFINED (__ADCInterrupt)?<code 336> (__ADCInterrupt):<code 336> (__DefaultInterrupt)
                  0x0000ac          0x4 LONG 0x249c DEFINED (__AltNVMInterrupt)?<code 336> (__AltNVMInterrupt):DEFINED (__NVMInterrupt)?<code 336> (__NVMInterrupt):<code 336> (__DefaultInterrupt)
                  0x0000ae          0x4 LONG 0x249c DEFINED (__AltSI2CInterrupt)?<code 336> (__AltSI2CInterrupt):DEFINED (__SI2CInterrupt)?<code 336> (__SI2CInterrupt):<code 336> (__DefaultInterrupt)
                  0x0000b0          0x4 LONG 0x249c DEFINED (__AltMI2CInterrupt)?<code 336> (__AltMI2CInterrupt):DEFINED (__MI2CInterrupt)?<code 336> (__MI2CInterrupt):<code 336> (__DefaultInterrupt)
                  0x0000b2          0x4 LONG 0x249c DEFINED (__AltCNInterrupt)?<code 336> (__AltCNInterrupt):DEFINED (__CNInterrupt)?<code 336> (__CNInterrupt):<code 336> (__DefaultInterrupt)
                  0x0000b4          0x4 LONG 0x249c DEFINED (__AltINT1Interrupt)?<code 336> (__AltINT1Interrupt):DEFINED (__INT1Interrupt)?<code 336> (__INT1Interrupt):<code 336> (__DefaultInterrupt)
                  0x0000b6          0x4 LONG 0x249c DEFINED (__AltIC7Interrupt)?<code 336> (__AltIC7Interrupt):DEFINED (__IC7Interrupt)?<code 336> (__IC7Interrupt):<code 336> (__DefaultInterrupt)
                  0x0000b8          0x4 LONG 0x249c DEFINED (__AltIC8Interrupt)?<code 336> (__AltIC8Interrupt):DEFINED (__IC8Interrupt)?<code 336> (__IC8Interrupt):<code 336> (__DefaultInterrupt)
                  0x0000ba          0x4 LONG 0x249c DEFINED (__AltOC3Interrupt)?<code 336> (__AltOC3Interrupt):DEFINED (__OC3Interrupt)?<code 336> (__OC3Interrupt):<code 336> (__DefaultInterrupt)
                  0x0000bc          0x4 LONG 0x249c DEFINED (__AltOC4Interrupt)?<code 336> (__AltOC4Interrupt):DEFINED (__OC4Interrupt)?<code 336> (__OC4Interrupt):<code 336> (__DefaultInterrupt)
                  0x0000be          0x4 LONG 0x249c DEFINED (__AltT4Interrupt)?<code 336> (__AltT4Interrupt):DEFINED (__T4Interrupt)?<code 336> (__T4Interrupt):<code 336> (__DefaultInterrupt)
                  0x0000c0          0x4 LONG 0x249c DEFINED (__AltT5Interrupt)?<code 336> (__AltT5Interrupt):DEFINED (__T5Interrupt)?<code 336> (__T5Interrupt):<code 336> (__DefaultInterrupt)
                  0x0000c2          0x4 LONG 0x249c DEFINED (__AltINT2Interrupt)?<code 336> (__AltINT2Interrupt):DEFINED (__INT2Interrupt)?<code 336> (__INT2Interrupt):<code 336> (__DefaultInterrupt)
                  0x0000c4          0x4 LONG 0xbc2 DEFINED (__AltU2RXInterrupt)?<code 336> (__AltU2RXInterrupt):DEFINED (__U2RXInterrupt)?<code 336> (__U2RXInterrupt):<code 336> (__DefaultInterrupt)
                  0x0000c6          0x4 LONG 0x249c DEFINED (__AltU2TXInterrupt)?<code 336> (__AltU2TXInterrupt):DEFINED (__U2TXInterrupt)?<code 336> (__U2TXInterrupt):<code 336> (__DefaultInterrupt)
                  0x0000c8          0x4 LONG 0x249c DEFINED (__AltSPI2Interrupt)?<code 336> (__AltSPI2Interrupt):DEFINED (__SPI2Interrupt)?<code 336> (__SPI2Interrupt):<code 336> (__DefaultInterrupt)
                  0x0000ca          0x4 LONG 0x249c DEFINED (__AltC1Interrupt)?<code 336> (__AltC1Interrupt):DEFINED (__C1Interrupt)?<code 336> (__C1Interrupt):<code 336> (__DefaultInterrupt)
                  0x0000cc          0x4 LONG 0x249c DEFINED (__AltIC3Interrupt)?<code 336> (__AltIC3Interrupt):DEFINED (__IC3Interrupt)?<code 336> (__IC3Interrupt):<code 336> (__DefaultInterrupt)
                  0x0000ce          0x4 LONG 0x249c DEFINED (__AltIC4Interrupt)?<code 336> (__AltIC4Interrupt):DEFINED (__IC4Interrupt)?<code 336> (__IC4Interrupt):<code 336> (__DefaultInterrupt)
                  0x0000d0          0x4 LONG 0x249c DEFINED (__AltIC5Interrupt)?<code 336> (__AltIC5Interrupt):DEFINED (__IC5Interrupt)?<code 336> (__IC5Interrupt):<code 336> (__DefaultInterrupt)
                  0x0000d2          0x4 LONG 0x249c DEFINED (__AltIC6Interrupt)?<code 336> (__AltIC6Interrupt):DEFINED (__IC6Interrupt)?<code 336> (__IC6Interrupt):<code 336> (__DefaultInterrupt)
                  0x0000d4          0x4 LONG 0x249c DEFINED (__AltOC5Interrupt)?<code 336> (__AltOC5Interrupt):DEFINED (__OC5Interrupt)?<code 336> (__OC5Interrupt):<code 336> (__DefaultInterrupt)
                  0x0000d6          0x4 LONG 0x249c DEFINED (__AltOC6Interrupt)?<code 336> (__AltOC6Interrupt):DEFINED (__OC6Interrupt)?<code 336> (__OC6Interrupt):<code 336> (__DefaultInterrupt)
                  0x0000d8          0x4 LONG 0x249c DEFINED (__AltOC7Interrupt)?<code 336> (__AltOC7Interrupt):DEFINED (__OC7Interrupt)?<code 336> (__OC7Interrupt):<code 336> (__DefaultInterrupt)
                  0x0000da          0x4 LONG 0x249c DEFINED (__AltOC8Interrupt)?<code 336> (__AltOC8Interrupt):DEFINED (__OC8Interrupt)?<code 336> (__OC8Interrupt):<code 336> (__DefaultInterrupt)
                  0x0000dc          0x4 LONG 0x249c DEFINED (__AltINT3Interrupt)?<code 336> (__AltINT3Interrupt):DEFINED (__INT3Interrupt)?<code 336> (__INT3Interrupt):<code 336> (__DefaultInterrupt)
                  0x0000de          0x4 LONG 0x249c DEFINED (__AltINT4Interrupt)?<code 336> (__AltINT4Interrupt):DEFINED (__INT4Interrupt)?<code 336> (__INT4Interrupt):<code 336> (__DefaultInterrupt)
                  0x0000e0          0x4 LONG 0x249c DEFINED (__AltC2Interrupt)?<code 336> (__AltC2Interrupt):DEFINED (__C2Interrupt)?<code 336> (__C2Interrupt):<code 336> (__DefaultInterrupt)
                  0x0000e2          0x4 LONG 0x249c DEFINED (__AltPWMInterrupt)?<code 336> (__AltPWMInterrupt):DEFINED (__PWMInterrupt)?<code 336> (__PWMInterrupt):<code 336> (__DefaultInterrupt)
                  0x0000e4          0x4 LONG 0x249c DEFINED (__AltQEIInterrupt)?<code 336> (__AltQEIInterrupt):DEFINED (__QEIInterrupt)?<code 336> (__QEIInterrupt):<code 336> (__DefaultInterrupt)
                  0x0000e6          0x4 LONG 0x249c DEFINED (__AltDCIInterrupt)?<code 336> (__AltDCIInterrupt):DEFINED (__DCIInterrupt)?<code 336> (__DCIInterrupt):<code 336> (__DefaultInterrupt)
                  0x0000e8          0x4 LONG 0x249c DEFINED (__AltLVDInterrupt)?<code 336> (__AltLVDInterrupt):DEFINED (__LVDInterrupt)?<code 336> (__LVDInterrupt):<code 336> (__DefaultInterrupt)
                  0x0000ea          0x4 LONG 0x249c DEFINED (__AltFLTAInterrupt)?<code 336> (__AltFLTAInterrupt):DEFINED (__FLTAInterrupt)?<code 336> (__FLTAInterrupt):<code 336> (__DefaultInterrupt)
                  0x0000ec          0x4 LONG 0x249c DEFINED (__AltFLTBInterrupt)?<code 336> (__AltFLTBInterrupt):DEFINED (__FLTBInterrupt)?<code 336> (__FLTBInterrupt):<code 336> (__DefaultInterrupt)
                  0x0000ee          0x4 LONG 0x249c DEFINED (__AltInterrupt45)?<code 336> (__AltInterrupt45):DEFINED (__Interrupt45)?<code 336> (__Interrupt45):<code 336> (__DefaultInterrupt)
                  0x0000f0          0x4 LONG 0x249c DEFINED (__AltInterrupt46)?<code 336> (__AltInterrupt46):DEFINED (__Interrupt46)?<code 336> (__Interrupt46):<code 336> (__DefaultInterrupt)
                  0x0000f2          0x4 LONG 0x249c DEFINED (__AltInterrupt47)?<code 336> (__AltInterrupt47):DEFINED (__Interrupt47)?<code 336> (__Interrupt47):<code 336> (__DefaultInterrupt)
                  0x0000f4          0x4 LONG 0x249c DEFINED (__AltInterrupt48)?<code 336> (__AltInterrupt48):DEFINED (__Interrupt48)?<code 336> (__Interrupt48):<code 336> (__DefaultInterrupt)
                  0x0000f6          0x4 LONG 0x249c DEFINED (__AltInterrupt49)?<code 336> (__AltInterrupt49):DEFINED (__Interrupt49)?<code 336> (__Interrupt49):<code 336> (__DefaultInterrupt)
                  0x0000f8          0x4 LONG 0x249c DEFINED (__AltInterrupt50)?<code 336> (__AltInterrupt50):DEFINED (__Interrupt50)?<code 336> (__Interrupt50):<code 336> (__DefaultInterrupt)
                  0x0000fa          0x4 LONG 0x249c DEFINED (__AltInterrupt51)?<code 336> (__AltInterrupt51):DEFINED (__Interrupt51)?<code 336> (__Interrupt51):<code 336> (__DefaultInterrupt)
                  0x0000fc          0x4 LONG 0x249c DEFINED (__AltInterrupt52)?<code 336> (__AltInterrupt52):DEFINED (__Interrupt52)?<code 336> (__Interrupt52):<code 336> (__DefaultInterrupt)
                  0x0000fe          0x4 LONG 0x249c DEFINED (__AltInterrupt53)?<code 336> (__AltInterrupt53):DEFINED (__Interrupt53)?<code 336> (__Interrupt53):<code 336> (__DefaultInterrupt)
                    0x0000                  WREG0 = 0x0
                    0x0000                  _WREG0 = 0x0
                    0x0002                  WREG1 = 0x2
                    0x0002                  _WREG1 = 0x2
                    0x0004                  WREG2 = 0x4
                    0x0004                  _WREG2 = 0x4
                    0x0006                  WREG3 = 0x6
                    0x0006                  _WREG3 = 0x6
                    0x0008                  WREG4 = 0x8
                    0x0008                  _WREG4 = 0x8
                    0x000a                  WREG5 = 0xa
                    0x000a                  _WREG5 = 0xa
                    0x000c                  WREG6 = 0xc
                    0x000c                  _WREG6 = 0xc
                    0x000e                  WREG7 = 0xe
                    0x000e                  _WREG7 = 0xe
                    0x0010                  WREG8 = 0x10
                    0x0010                  _WREG8 = 0x10
                    0x0012                  WREG9 = 0x12
                    0x0012                  _WREG9 = 0x12
                    0x0014                  WREG10 = 0x14
                    0x0014                  _WREG10 = 0x14
                    0x0016                  WREG11 = 0x16
                    0x0016                  _WREG11 = 0x16
                    0x0018                  WREG12 = 0x18
                    0x0018                  _WREG12 = 0x18
                    0x001a                  WREG13 = 0x1a
                    0x001a                  _WREG13 = 0x1a
                    0x001c                  WREG14 = 0x1c
                    0x001c                  _WREG14 = 0x1c
                    0x001e                  WREG15 = 0x1e
                    0x001e                  _WREG15 = 0x1e
                    0x0020                  SPLIM = 0x20
                    0x0020                  _SPLIM = 0x20
                    0x0022                  ACCAL = 0x22
                    0x0022                  _ACCAL = 0x22
                    0x0024                  ACCAH = 0x24
                    0x0024                  _ACCAH = 0x24
                    0x0026                  ACCAU = 0x26
                    0x0026                  _ACCAU = 0x26
                    0x0028                  ACCBL = 0x28
                    0x0028                  _ACCBL = 0x28
                    0x002a                  ACCBH = 0x2a
                    0x002a                  _ACCBH = 0x2a
                    0x002c                  ACCBU = 0x2c
                    0x002c                  _ACCBU = 0x2c
                    0x002e                  PCL = 0x2e
                    0x002e                  _PCL = 0x2e
                    0x0030                  PCH = 0x30
                    0x0030                  _PCH = 0x30
                    0x0032                  TBLPAG = 0x32
                    0x0032                  _TBLPAG = 0x32
                    0x0034                  PSVPAG = 0x34
                    0x0034                  _PSVPAG = 0x34
                    0x0036                  RCOUNT = 0x36
                    0x0036                  _RCOUNT = 0x36
                    0x0038                  DCOUNT = 0x38
                    0x0038                  _DCOUNT = 0x38
                    0x003a                  DOSTARTL = 0x3a
                    0x003a                  _DOSTARTL = 0x3a
                    0x003c                  DOSTARTH = 0x3c
                    0x003c                  _DOSTARTH = 0x3c
                    0x003e                  DOENDL = 0x3e
                    0x003e                  _DOENDL = 0x3e
                    0x0040                  DOENDH = 0x40
                    0x0040                  _DOENDH = 0x40
                    0x0042                  SR = 0x42
                    0x0042                  _SR = 0x42
                    0x0044                  CORCON = 0x44
                    0x0044                  _CORCON = 0x44
                    0x0046                  MODCON = 0x46
                    0x0046                  _MODCON = 0x46
                    0x0048                  XMODSRT = 0x48
                    0x0048                  _XMODSRT = 0x48
                    0x004a                  XMODEND = 0x4a
                    0x004a                  _XMODEND = 0x4a
                    0x004c                  YMODSRT = 0x4c
                    0x004c                  _YMODSRT = 0x4c
                    0x004e                  YMODEND = 0x4e
                    0x004e                  _YMODEND = 0x4e
                    0x0050                  XBREV = 0x50
                    0x0050                  _XBREV = 0x50
                    0x0052                  DISICNT = 0x52
                    0x0052                  _DISICNT = 0x52
                    0x0080                  INTCON1 = 0x80
                    0x0080                  _INTCON1 = 0x80
                    0x0082                  INTCON2 = 0x82
                    0x0082                  _INTCON2 = 0x82
                    0x0084                  IFS0 = 0x84
                    0x0084                  _IFS0 = 0x84
                    0x0086                  IFS1 = 0x86
                    0x0086                  _IFS1 = 0x86
                    0x0088                  IFS2 = 0x88
                    0x0088                  _IFS2 = 0x88
                    0x008c                  IEC0 = 0x8c
                    0x008c                  _IEC0 = 0x8c
                    0x008e                  IEC1 = 0x8e
                    0x008e                  _IEC1 = 0x8e
                    0x0090                  IEC2 = 0x90
                    0x0090                  _IEC2 = 0x90
                    0x0094                  IPC0 = 0x94
                    0x0094                  _IPC0 = 0x94
                    0x0096                  IPC1 = 0x96
                    0x0096                  _IPC1 = 0x96
                    0x0098                  IPC2 = 0x98
                    0x0098                  _IPC2 = 0x98
                    0x009a                  IPC3 = 0x9a
                    0x009a                  _IPC3 = 0x9a
                    0x009c                  IPC4 = 0x9c
                    0x009c                  _IPC4 = 0x9c
                    0x009e                  IPC5 = 0x9e
                    0x009e                  _IPC5 = 0x9e
                    0x00a0                  IPC6 = 0xa0
                    0x00a0                  _IPC6 = 0xa0
                    0x00a6                  IPC9 = 0xa6
                    0x00a6                  _IPC9 = 0xa6
                    0x00a8                  IPC10 = 0xa8
                    0x00a8                  _IPC10 = 0xa8
                    0x00b0                  INTTREG = 0xb0
                    0x00b0                  _INTTREG = 0xb0
                    0x00c0                  CNEN1 = 0xc0
                    0x00c0                  _CNEN1 = 0xc0
                    0x00c2                  CNEN2 = 0xc2
                    0x00c2                  _CNEN2 = 0xc2
                    0x00c4                  CNPU1 = 0xc4
                    0x00c4                  _CNPU1 = 0xc4
                    0x00c6                  CNPU2 = 0xc6
                    0x00c6                  _CNPU2 = 0xc6
                    0x0100                  TMR1 = 0x100
                    0x0100                  _TMR1 = 0x100
                    0x0102                  PR1 = 0x102
                    0x0102                  _PR1 = 0x102
                    0x0104                  T1CON = 0x104
                    0x0104                  _T1CON = 0x104
                    0x0106                  TMR2 = 0x106
                    0x0106                  _TMR2 = 0x106
                    0x0108                  TMR3HLD = 0x108
                    0x0108                  _TMR3HLD = 0x108
                    0x010a                  TMR3 = 0x10a
                    0x010a                  _TMR3 = 0x10a
                    0x010c                  PR2 = 0x10c
                    0x010c                  _PR2 = 0x10c
                    0x010e                  PR3 = 0x10e
                    0x010e                  _PR3 = 0x10e
                    0x0110                  T2CON = 0x110
                    0x0110                  _T2CON = 0x110
                    0x0112                  T3CON = 0x112
                    0x0112                  _T3CON = 0x112
                    0x0114                  TMR4 = 0x114
                    0x0114                  _TMR4 = 0x114
                    0x0116                  TMR5HLD = 0x116
                    0x0116                  _TMR5HLD = 0x116
                    0x0118                  TMR5 = 0x118
                    0x0118                  _TMR5 = 0x118
                    0x011a                  PR4 = 0x11a
                    0x011a                  _PR4 = 0x11a
                    0x011c                  PR5 = 0x11c
                    0x011c                  _PR5 = 0x11c
                    0x011e                  T4CON = 0x11e
                    0x011e                  _T4CON = 0x11e
                    0x0120                  T5CON = 0x120
                    0x0120                  _T5CON = 0x120
                    0x0122                  QEICON = 0x122
                    0x0122                  _QEICON = 0x122
                    0x0124                  DFLTCON = 0x124
                    0x0124                  _DFLTCON = 0x124
                    0x0126                  POSCNT = 0x126
                    0x0126                  _POSCNT = 0x126
                    0x0128                  MAXCNT = 0x128
                    0x0128                  _MAXCNT = 0x128
                    0x0140                  IC1BUF = 0x140
                    0x0140                  _IC1BUF = 0x140
                    0x0142                  IC1CON = 0x142
                    0x0142                  _IC1CON = 0x142
                    0x0144                  IC2BUF = 0x144
                    0x0144                  _IC2BUF = 0x144
                    0x0146                  IC2CON = 0x146
                    0x0146                  _IC2CON = 0x146
                    0x0158                  IC7BUF = 0x158
                    0x0158                  _IC7BUF = 0x158
                    0x015a                  IC7CON = 0x15a
                    0x015a                  _IC7CON = 0x15a
                    0x015c                  IC8BUF = 0x15c
                    0x015c                  _IC8BUF = 0x15c
                    0x015e                  IC8CON = 0x15e
                    0x015e                  _IC8CON = 0x15e
                    0x0180                  OC1RS = 0x180
                    0x0180                  _OC1RS = 0x180
                    0x0182                  OC1R = 0x182
                    0x0182                  _OC1R = 0x182
                    0x0184                  OC1CON = 0x184
                    0x0184                  _OC1CON = 0x184
                    0x0186                  OC2RS = 0x186
                    0x0186                  _OC2RS = 0x186
                    0x0188                  OC2R = 0x188
                    0x0188                  _OC2R = 0x188
                    0x018a                  OC2CON = 0x18a
                    0x018a                  _OC2CON = 0x18a
                    0x018c                  OC3RS = 0x18c
                    0x018c                  _OC3RS = 0x18c
                    0x018e                  OC3R = 0x18e
                    0x018e                  _OC3R = 0x18e
                    0x0190                  OC3CON = 0x190
                    0x0190                  _OC3CON = 0x190
                    0x0192                  OC4RS = 0x192
                    0x0192                  _OC4RS = 0x192
                    0x0194                  OC4R = 0x194
                    0x0194                  _OC4R = 0x194
                    0x0196                  OC4CON = 0x196
                    0x0196                  _OC4CON = 0x196
                    0x01c0                  PTCON = 0x1c0
                    0x01c0                  _PTCON = 0x1c0
                    0x01c2                  PTMR = 0x1c2
                    0x01c2                  _PTMR = 0x1c2
                    0x01c4                  PTPER = 0x1c4
                    0x01c4                  _PTPER = 0x1c4
                    0x01c6                  SEVTCMP = 0x1c6
                    0x01c6                  _SEVTCMP = 0x1c6
                    0x01c8                  PWMCON1 = 0x1c8
                    0x01c8                  _PWMCON1 = 0x1c8
                    0x01ca                  PWMCON2 = 0x1ca
                    0x01ca                  _PWMCON2 = 0x1ca
                    0x01cc                  DTCON1 = 0x1cc
                    0x01cc                  _DTCON1 = 0x1cc
                    0x01d0                  FLTACON = 0x1d0
                    0x01d0                  _FLTACON = 0x1d0
                    0x01d4                  OVDCON = 0x1d4
                    0x01d4                  _OVDCON = 0x1d4
                    0x01d6                  PDC1 = 0x1d6
                    0x01d6                  _PDC1 = 0x1d6
                    0x01d8                  PDC2 = 0x1d8
                    0x01d8                  _PDC2 = 0x1d8
                    0x01da                  PDC3 = 0x1da
                    0x01da                  _PDC3 = 0x1da
                    0x0200                  I2CRCV = 0x200
                    0x0200                  _I2CRCV = 0x200
                    0x0202                  I2CTRN = 0x202
                    0x0202                  _I2CTRN = 0x202
                    0x0204                  I2CBRG = 0x204
                    0x0204                  _I2CBRG = 0x204
                    0x0206                  I2CCON = 0x206
                    0x0206                  _I2CCON = 0x206
                    0x0208                  I2CSTAT = 0x208
                    0x0208                  _I2CSTAT = 0x208
                    0x020a                  I2CADD = 0x20a
                    0x020a                  _I2CADD = 0x20a
                    0x020c                  U1MODE = 0x20c
                    0x020c                  _U1MODE = 0x20c
                    0x020e                  U1STA = 0x20e
                    0x020e                  _U1STA = 0x20e
                    0x0210                  U1TXREG = 0x210
                    0x0210                  _U1TXREG = 0x210
                    0x0212                  U1RXREG = 0x212
                    0x0212                  _U1RXREG = 0x212
                    0x0214                  U1BRG = 0x214
                    0x0214                  _U1BRG = 0x214
                    0x0216                  U2MODE = 0x216
                    0x0216                  _U2MODE = 0x216
                    0x0218                  U2STA = 0x218
                    0x0218                  _U2STA = 0x218
                    0x021a                  U2TXREG = 0x21a
                    0x021a                  _U2TXREG = 0x21a
                    0x021c                  U2RXREG = 0x21c
                    0x021c                  _U2RXREG = 0x21c
                    0x021e                  U2BRG = 0x21e
                    0x021e                  _U2BRG = 0x21e
                    0x0220                  SPI1STAT = 0x220
                    0x0220                  _SPI1STAT = 0x220
                    0x0222                  SPI1CON = 0x222
                    0x0222                  _SPI1CON = 0x222
                    0x0224                  SPI1BUF = 0x224
                    0x0224                  _SPI1BUF = 0x224
                    0x0280                  ADCBUF0 = 0x280
                    0x0280                  _ADCBUF0 = 0x280
                    0x0282                  ADCBUF1 = 0x282
                    0x0282                  _ADCBUF1 = 0x282
                    0x0284                  ADCBUF2 = 0x284
                    0x0284                  _ADCBUF2 = 0x284
                    0x0286                  ADCBUF3 = 0x286
                    0x0286                  _ADCBUF3 = 0x286
                    0x0288                  ADCBUF4 = 0x288
                    0x0288                  _ADCBUF4 = 0x288
                    0x028a                  ADCBUF5 = 0x28a
                    0x028a                  _ADCBUF5 = 0x28a
                    0x028c                  ADCBUF6 = 0x28c
                    0x028c                  _ADCBUF6 = 0x28c
                    0x028e                  ADCBUF7 = 0x28e
                    0x028e                  _ADCBUF7 = 0x28e
                    0x0290                  ADCBUF8 = 0x290
                    0x0290                  _ADCBUF8 = 0x290
                    0x0292                  ADCBUF9 = 0x292
                    0x0292                  _ADCBUF9 = 0x292
                    0x0294                  ADCBUFA = 0x294
                    0x0294                  _ADCBUFA = 0x294
                    0x0296                  ADCBUFB = 0x296
                    0x0296                  _ADCBUFB = 0x296
                    0x0298                  ADCBUFC = 0x298
                    0x0298                  _ADCBUFC = 0x298
                    0x029a                  ADCBUFD = 0x29a
                    0x029a                  _ADCBUFD = 0x29a
                    0x029c                  ADCBUFE = 0x29c
                    0x029c                  _ADCBUFE = 0x29c
                    0x029e                  ADCBUFF = 0x29e
                    0x029e                  _ADCBUFF = 0x29e
                    0x02a0                  ADCON1 = 0x2a0
                    0x02a0                  _ADCON1 = 0x2a0
                    0x02a2                  ADCON2 = 0x2a2
                    0x02a2                  _ADCON2 = 0x2a2
                    0x02a4                  ADCON3 = 0x2a4
                    0x02a4                  _ADCON3 = 0x2a4
                    0x02a6                  ADCHS = 0x2a6
                    0x02a6                  _ADCHS = 0x2a6
                    0x02a8                  ADPCFG = 0x2a8
                    0x02a8                  _ADPCFG = 0x2a8
                    0x02aa                  ADCSSL = 0x2aa
                    0x02aa                  _ADCSSL = 0x2aa
                    0x02c6                  TRISB = 0x2c6
                    0x02c6                  _TRISB = 0x2c6
                    0x02c8                  PORTB = 0x2c8
                    0x02c8                  _PORTB = 0x2c8
                    0x02ca                  LATB = 0x2ca
                    0x02ca                  _LATB = 0x2ca
                    0x02cc                  TRISC = 0x2cc
                    0x02cc                  _TRISC = 0x2cc
                    0x02ce                  PORTC = 0x2ce
                    0x02ce                  _PORTC = 0x2ce
                    0x02d0                  LATC = 0x2d0
                    0x02d0                  _LATC = 0x2d0
                    0x02d2                  TRISD = 0x2d2
                    0x02d2                  _TRISD = 0x2d2
                    0x02d4                  PORTD = 0x2d4
                    0x02d4                  _PORTD = 0x2d4
                    0x02d6                  LATD = 0x2d6
                    0x02d6                  _LATD = 0x2d6
                    0x02d8                  TRISE = 0x2d8
                    0x02d8                  _TRISE = 0x2d8
                    0x02da                  PORTE = 0x2da
                    0x02da                  _PORTE = 0x2da
                    0x02dc                  LATE = 0x2dc
                    0x02dc                  _LATE = 0x2dc
                    0x02de                  TRISF = 0x2de
                    0x02de                  _TRISF = 0x2de
                    0x02e0                  PORTF = 0x2e0
                    0x02e0                  _PORTF = 0x2e0
                    0x02e2                  LATF = 0x2e2
                    0x02e2                  _LATF = 0x2e2
                    0x0740                  RCON = 0x740
                    0x0740                  _RCON = 0x740
                    0x0742                  OSCCON = 0x742
                    0x0742                  _OSCCON = 0x742
                    0x0744                  OSCTUN = 0x744
                    0x0744                  _OSCTUN = 0x744
                    0x0760                  NVMCON = 0x760
                    0x0760                  _NVMCON = 0x760
                    0x0762                  NVMADR = 0x762
                    0x0762                  _NVMADR = 0x762
                    0x0764                  NVMADRU = 0x764
                    0x0764                  _NVMADRU = 0x764
                    0x0766                  NVMKEY = 0x766
                    0x0766                  _NVMKEY = 0x766
                    0x0770                  PMD1 = 0x770
                    0x0770                  _PMD1 = 0x770
                    0x0772                  PMD2 = 0x772
                    0x0772                  _PMD2 = 0x772
                    0x0774                  PMD3 = 0x774
                    0x0774                  _PMD3 = 0x774
                    0x0022                  ACCA = 0x22
                    0x0022                  _ACCA = 0x22
                    0x0028                  ACCB = 0x28
                    0x0028                  _ACCB = 0x28
                    0x0042                  SRbits = 0x42
                    0x0042                  _SRbits = 0x42
                    0x0044                  CORCONbits = 0x44
                    0x0044                  _CORCONbits = 0x44
                    0x0046                  MODCONbits = 0x46
                    0x0046                  _MODCONbits = 0x46
                    0x0050                  XBREVbits = 0x50
                    0x0050                  _XBREVbits = 0x50
                    0x0052                  DISICNTbits = 0x52
                    0x0052                  _DISICNTbits = 0x52
                    0x0080                  INTCON1bits = 0x80
                    0x0080                  _INTCON1bits = 0x80
                    0x0082                  INTCON2bits = 0x82
                    0x0082                  _INTCON2bits = 0x82
                    0x0084                  IFS0bits = 0x84
                    0x0084                  _IFS0bits = 0x84
                    0x0086                  IFS1bits = 0x86
                    0x0086                  _IFS1bits = 0x86
                    0x0088                  IFS2bits = 0x88
                    0x0088                  _IFS2bits = 0x88
                    0x008c                  IEC0bits = 0x8c
                    0x008c                  _IEC0bits = 0x8c
                    0x008e                  IEC1bits = 0x8e
                    0x008e                  _IEC1bits = 0x8e
                    0x0090                  IEC2bits = 0x90
                    0x0090                  _IEC2bits = 0x90
                    0x0094                  IPC0bits = 0x94
                    0x0094                  _IPC0bits = 0x94
                    0x0096                  IPC1bits = 0x96
                    0x0096                  _IPC1bits = 0x96
                    0x0098                  IPC2bits = 0x98
                    0x0098                  _IPC2bits = 0x98
                    0x009a                  IPC3bits = 0x9a
                    0x009a                  _IPC3bits = 0x9a
                    0x009c                  IPC4bits = 0x9c
                    0x009c                  _IPC4bits = 0x9c
                    0x009e                  IPC5bits = 0x9e
                    0x009e                  _IPC5bits = 0x9e
                    0x00a0                  IPC6bits = 0xa0
                    0x00a0                  _IPC6bits = 0xa0
                    0x00a6                  IPC9bits = 0xa6
                    0x00a6                  _IPC9bits = 0xa6
                    0x00a8                  IPC10bits = 0xa8
                    0x00a8                  _IPC10bits = 0xa8
                    0x00b0                  INTTREGbits = 0xb0
                    0x00b0                  _INTTREGbits = 0xb0
                    0x00c0                  CNEN1bits = 0xc0
                    0x00c0                  _CNEN1bits = 0xc0
                    0x00c4                  CNPU1bits = 0xc4
                    0x00c4                  _CNPU1bits = 0xc4
                    0x0104                  T1CONbits = 0x104
                    0x0104                  _T1CONbits = 0x104
                    0x0110                  T2CONbits = 0x110
                    0x0110                  _T2CONbits = 0x110
                    0x0112                  T3CONbits = 0x112
                    0x0112                  _T3CONbits = 0x112
                    0x011e                  T4CONbits = 0x11e
                    0x011e                  _T4CONbits = 0x11e
                    0x0120                  T5CONbits = 0x120
                    0x0120                  _T5CONbits = 0x120
                    0x0122                  QEICONbits = 0x122
                    0x0122                  _QEICONbits = 0x122
                    0x0124                  DFLTCONbits = 0x124
                    0x0124                  _DFLTCONbits = 0x124
                    0x0142                  IC1CONbits = 0x142
                    0x0142                  _IC1CONbits = 0x142
                    0x0146                  IC2CONbits = 0x146
                    0x0146                  _IC2CONbits = 0x146
                    0x015a                  IC7CONbits = 0x15a
                    0x015a                  _IC7CONbits = 0x15a
                    0x015e                  IC8CONbits = 0x15e
                    0x015e                  _IC8CONbits = 0x15e
                    0x0184                  OC1CONbits = 0x184
                    0x0184                  _OC1CONbits = 0x184
                    0x018a                  OC2CONbits = 0x18a
                    0x018a                  _OC2CONbits = 0x18a
                    0x0190                  OC3CONbits = 0x190
                    0x0190                  _OC3CONbits = 0x190
                    0x0196                  OC4CONbits = 0x196
                    0x0196                  _OC4CONbits = 0x196
                    0x01c0                  PTCONbits = 0x1c0
                    0x01c0                  _PTCONbits = 0x1c0
                    0x01c2                  PTMRbits = 0x1c2
                    0x01c2                  _PTMRbits = 0x1c2
                    0x01c4                  PTPERbits = 0x1c4
                    0x01c4                  _PTPERbits = 0x1c4
                    0x01c6                  SEVTCMPbits = 0x1c6
                    0x01c6                  _SEVTCMPbits = 0x1c6
                    0x01c8                  PWMCON1bits = 0x1c8
                    0x01c8                  _PWMCON1bits = 0x1c8
                    0x01ca                  PWMCON2bits = 0x1ca
                    0x01ca                  _PWMCON2bits = 0x1ca
                    0x01cc                  DTCON1bits = 0x1cc
                    0x01cc                  _DTCON1bits = 0x1cc
                    0x01d0                  FLTACONbits = 0x1d0
                    0x01d0                  _FLTACONbits = 0x1d0
                    0x01d4                  OVDCONbits = 0x1d4
                    0x01d4                  _OVDCONbits = 0x1d4
                    0x0200                  I2CRCVbits = 0x200
                    0x0200                  _I2CRCVbits = 0x200
                    0x0202                  I2CTRNbits = 0x202
                    0x0202                  _I2CTRNbits = 0x202
                    0x0204                  I2CBRGbits = 0x204
                    0x0204                  _I2CBRGbits = 0x204
                    0x0206                  I2CCONbits = 0x206
                    0x0206                  _I2CCONbits = 0x206
                    0x0208                  I2CSTATbits = 0x208
                    0x0208                  _I2CSTATbits = 0x208
                    0x020a                  I2CADDbits = 0x20a
                    0x020a                  _I2CADDbits = 0x20a
                    0x020c                  U1MODEbits = 0x20c
                    0x020c                  _U1MODEbits = 0x20c
                    0x020e                  U1STAbits = 0x20e
                    0x020e                  _U1STAbits = 0x20e
                    0x0210                  U1TXREGbits = 0x210
                    0x0210                  _U1TXREGbits = 0x210
                    0x0212                  U1RXREGbits = 0x212
                    0x0212                  _U1RXREGbits = 0x212
                    0x0216                  U2MODEbits = 0x216
                    0x0216                  _U2MODEbits = 0x216
                    0x0218                  U2STAbits = 0x218
                    0x0218                  _U2STAbits = 0x218
                    0x021a                  U2TXREGbits = 0x21a
                    0x021a                  _U2TXREGbits = 0x21a
                    0x021c                  U2RXREGbits = 0x21c
                    0x021c                  _U2RXREGbits = 0x21c
                    0x0220                  SPI1STATbits = 0x220
                    0x0220                  _SPI1STATbits = 0x220
                    0x0222                  SPI1CONbits = 0x222
                    0x0222                  _SPI1CONbits = 0x222
                    0x02a0                  ADCON1bits = 0x2a0
                    0x02a0                  _ADCON1bits = 0x2a0
                    0x02a2                  ADCON2bits = 0x2a2
                    0x02a2                  _ADCON2bits = 0x2a2
                    0x02a4                  ADCON3bits = 0x2a4
                    0x02a4                  _ADCON3bits = 0x2a4
                    0x02a6                  ADCHSbits = 0x2a6
                    0x02a6                  _ADCHSbits = 0x2a6
                    0x02a8                  ADPCFGbits = 0x2a8
                    0x02a8                  _ADPCFGbits = 0x2a8
                    0x02aa                  ADCSSLbits = 0x2aa
                    0x02aa                  _ADCSSLbits = 0x2aa
                    0x02c6                  TRISBbits = 0x2c6
                    0x02c6                  _TRISBbits = 0x2c6
                    0x02c8                  PORTBbits = 0x2c8
                    0x02c8                  _PORTBbits = 0x2c8
                    0x02ca                  LATBbits = 0x2ca
                    0x02ca                  _LATBbits = 0x2ca
                    0x02cc                  TRISCbits = 0x2cc
                    0x02cc                  _TRISCbits = 0x2cc
                    0x02ce                  PORTCbits = 0x2ce
                    0x02ce                  _PORTCbits = 0x2ce
                    0x02d0                  LATCbits = 0x2d0
                    0x02d0                  _LATCbits = 0x2d0
                    0x02d2                  TRISDbits = 0x2d2
                    0x02d2                  _TRISDbits = 0x2d2
                    0x02d4                  PORTDbits = 0x2d4
                    0x02d4                  _PORTDbits = 0x2d4
                    0x02d6                  LATDbits = 0x2d6
                    0x02d6                  _LATDbits = 0x2d6
                    0x02d8                  TRISEbits = 0x2d8
                    0x02d8                  _TRISEbits = 0x2d8
                    0x02da                  PORTEbits = 0x2da
                    0x02da                  _PORTEbits = 0x2da
                    0x02dc                  LATEbits = 0x2dc
                    0x02dc                  _LATEbits = 0x2dc
                    0x02de                  TRISFbits = 0x2de
                    0x02de                  _TRISFbits = 0x2de
                    0x02e0                  PORTFbits = 0x2e0
                    0x02e0                  _PORTFbits = 0x2e0
                    0x02e2                  LATFbits = 0x2e2
                    0x02e2                  _LATFbits = 0x2e2
                    0x0740                  RCONbits = 0x740
                    0x0740                  _RCONbits = 0x740
                    0x0742                  OSCCONbits = 0x742
                    0x0742                  _OSCCONbits = 0x742
                    0x0744                  OSCTUNbits = 0x744
                    0x0744                  _OSCTUNbits = 0x744
                    0x0760                  NVMCONbits = 0x760
                    0x0760                  _NVMCONbits = 0x760
                    0x0770                  PMD1bits = 0x770
                    0x0770                  _PMD1bits = 0x770
                    0x0772                  PMD2bits = 0x772
                    0x0772                  _PMD2bits = 0x772
                    0x0774                  PMD3bits = 0x774
                    0x0774                  _PMD3bits = 0x774
                    0x0140                  IC1 = 0x140
                    0x0140                  _IC1 = 0x140
                    0x0144                  IC2 = 0x144
                    0x0144                  _IC2 = 0x144
                    0x0148                  IC3 = 0x148
                    0x0148                  _IC3 = 0x148
                    0x014c                  IC4 = 0x14c
                    0x014c                  _IC4 = 0x14c
                    0x0180                  OC1 = 0x180
                    0x0180                  _OC1 = 0x180
                    0x0186                  OC2 = 0x186
                    0x0186                  _OC2 = 0x186
                    0x018c                  OC3 = 0x18c
                    0x018c                  _OC3 = 0x18c
                    0x0192                  OC4 = 0x192
                    0x0192                  _OC4 = 0x192
                    0x020c                  UART1 = 0x20c
                    0x020c                  _UART1 = 0x20c
                    0x0216                  UART2 = 0x216
                    0x0216                  _UART2 = 0x216
                    0x0220                  SPI1 = 0x220
                    0x0220                  _SPI1 = 0x220
START GROUP
LOAD c:/program files/microchip/mplab c30/bin/../lib\libpic30-coff.a
LOAD c:/program files/microchip/mplab c30/bin/../lib\libm-coff.a
LOAD c:/program files/microchip/mplab c30/bin/../lib\libc-coff.a
END GROUP
OUTPUT(DSP_Main_30F3011.cof coff-pic30)
LOAD data_init
LOAD default_isr

.const              0xa2a0         0x38
 .const             0xa2a0         0x12 D:\Helicopter Project\source\Source\PIC source\Ghazi\DSP_Main_30F3011\main.o
 .const             0xa2b2          0x8 D:\Helicopter Project\source\Source\PIC source\Ghazi\DSP_Main_30F3011\SPI.o
 .const             0xa2ba          0xa D:\Helicopter Project\source\Source\PIC source\Ghazi\DSP_Main_30F3011\RF.o
 .const             0xa2c4         0x14 D:\Helicopter Project\source\Source\PIC source\Ghazi\DSP_Main_30F3011\fuzzy.o

.ndata              0x0800        0x102
 .ndata             0x0800        0x102 D:\Helicopter Project\source\Source\PIC source\Ghazi\DSP_Main_30F3011\fuzzy.o
                    0x0800                  pitch_param
                    0x083c                  tilt_rate_param
                    0x0878                  PitchRule

.nbss               0x0902         0x94
 .nbss              0x0902         0x94 D:\Helicopter Project\source\Source\PIC source\Ghazi\DSP_Main_30F3011\main.o
                    0x0902                  ERCMDflag
                    0x0903                  T2flag
                    0x0904                  clock
                    0x0906                  pitch_mf
                    0x094e                  roll_mf

.ndata              0x0996         0x70
 .ndata             0x0996         0x70 D:\Helicopter Project\source\Source\PIC source\Ghazi\DSP_Main_30F3011\main.o
                    0x0996                  pwmCommand
                    0x099b                  GP_handshake
                    0x09a4                  GSPI_AccReq
                    0x09ac                  GSPI_2GyroReq
                    0x09b2                  GSPI_CompReq
                    0x09b6                  GSPI_AcousticReq
                    0x09ba                  GSPI_VoltReq
                    0x09c0                  GSPI_TempReq
                    0x09c4                  GSPI_RpmReq
                    0x09c8                  GSPI_StatusReq
                    0x09cc                  GSPI_TimeReq
                    0x09d4                  GSPI_LatReq
                    0x09df                  GSPI_LongReq
                    0x09ec                  GSPI_AltReq
                    0x09f5                  GSPI_SatReq
                    0x09fa                  pitch_angle_mf
                    0x09fc                  pitch_rate_mf
                    0x09fe                  pitch_accel_mf
                    0x0a00                  roll_angle_mf
                    0x0a02                  roll_rate_mf
                    0x0a04                  roll_accel_mf

.nbss               0x0a06         0x62
 .nbss              0x0a06         0x62 D:\Helicopter Project\source\Source\PIC source\Ghazi\DSP_Main_30F3011\RF.o
                    0x0a14                  GP_dump
                    0x0a16                  GP_helicopter

.ndata              0x0a68         0x5e
 .ndata             0x0a68         0x5e D:\Helicopter Project\source\Source\PIC source\Ghazi\DSP_Main_30F3011\RF.o
                    0x0a68                  GP_bytercvd
                    0x0a69                  GP_datavalid
                    0x0a6a                  GP_data
                    0x0a8a                  GP_data_len
                    0x0a8b                  GP_engRPMsp
                    0x0a8e                  GP_pitchsp
                    0x0a91                  GP_rollsp
                    0x0a94                  GP_yawsp
                    0x0a97                  GP_collsp
                    0x0a9a                  GP_hs
                    0x0a9b                  GP_engON
                    0x0a9c                  latcorr
                    0x0a9e                  longcorr
                    0x0aa0                  altcorr
                    0x0aa2                  seconds
                    0x0aa4                  newPWM

.ndata              0x0ac6         0x4a
 .ndata             0x0ac6         0x4a c:/program files/microchip/mplab c30/bin/../lib\libc-coff.a(xstoul.o)

.ndata              0x0b10         0x3c
 .ndata             0x0b10         0x3c D:\Helicopter Project\source\Source\PIC source\Ghazi\DSP_Main_30F3011\SPI.o
                    0x0b10                  GSPI_AccData
                    0x0b16                  GSPI_2GyroData
                    0x0b1a                  GSPI_YawGyroData
                    0x0b1c                  GSPI_CompData
                    0x0b1e                  GSPI_AcousticData
                    0x0b20                  GSPI_VoltData
                    0x0b24                  GSPI_TempData
                    0x0b26                  GSPI_RpmData
                    0x0b28                  GSPI_StatusData
                    0x0b2a                  GSPI_TimeData
                    0x0b30                  GSPI_LatData
                    0x0b39                  GSPI_LongData
                    0x0b43                  GSPI_AltData
                    0x0b4a                  GSPI_SatData

.nbss               0x0b4c          0x2
 .nbss              0x0b4c          0x2 c:/program files/microchip/mplab c30/bin/../lib\libm-coff.a(errno.o)
                    0x0b4c                  errno

.dinit            0x0022d8        0x1c4
 .dinit           0x0022d8        0x1c4 data_init

.isr              0x00249c          0x2
 .isr             0x00249c          0x2 default_isr
                  0x00249c                  _DefaultInterrupt
