MPLINK 4.11, Linker
Linker Map File - Created Tue Apr 24 13:54:55 2007

                                 Section Info
                  Section       Type    Address   Location Size(Bytes)
                ---------  ---------  ---------  ---------  ---------
               _entry_scn       code   0x000000    program   0x000006
                   .cinit    romdata   0x00002a    program   0x000002
         .code_vfprintf.o       code   0x00002c    program   0x000c22
             .code_main.o       code   0x000c4e    program   0x0003cc
                     PROG       code   0x00101a    program   0x000314
          .code_sprintf.o       code   0x00132e    program   0x0000ac
               _cinit_scn       code   0x0013da    program   0x00009e
             .code_putc.o       code   0x001478    program   0x000084
            .code_uopen.o       code   0x0014fc    program   0x000074
          .code_fxm3232.o       code   0x001570    program   0x000070
          .code_adcopen.o       code   0x0015e0    program   0x000068
                   STRING       code   0x001648    program   0x000066
            .code_uputs.o       code   0x0016ae    program   0x00004c
         .code_fxd3232u.o       code   0x0016fa    program   0x000048
          .code_adcread.o       code   0x001742    program   0x00003e
             D10KTCYXCODE       code   0x001780    program   0x00002e
           .code_uwrite.o       code   0x0017ae    program   0x00002e
         .code_adcsetch.o       code   0x0017dc    program   0x00002e
         .code_fxd1616u.o       code   0x00180a    program   0x00002c
                    CTYPE       code   0x001836    program   0x000024
             _startup_scn       code   0x00185a    program   0x00001c
                    STDIO       code   0x001876    program   0x00001c
              D10TCYXCODE       code   0x001892    program   0x000016
      .romdata_vfprintf.o    romdata   0x0018a8    program   0x000011
             .stringtable    romdata   0x0018b9    program   0x00000c
          .code_adcbusy.o       code   0x0018c6    program   0x00000a
          .code_adcconv.o       code   0x0018d0    program   0x000004
       .code__user_putc.o       code   0x0018d4    program   0x000002
           .code___init.o       code   0x0018d6    program   0x000002
                MATH_DATA      udata   0x000000       data   0x000014
                 .tmpdata      udata   0x000014       data   0x000007
                DELAYDAT2      udata   0x00001b       data   0x000001
                DELAYDAT1      udata   0x00001c       data   0x000001
            .udata_main.o      udata   0x000060       data   0x000010
           .udata_c018i.o      udata   0x000070       data   0x00000a
          .udata_usartd.o      udata   0x00007a       data   0x000001
                   .stack      udata   0x000200       data   0x000100
            SFR_UNBANKED0      udata   0x000f60       data   0x0000a0



                              Program Memory Usage 
                               Start         End      
                           ---------   ---------      
                            0x000000    0x000005      
                            0x00002a    0x0018c4      
                            0x0018c6    0x0018d7      
            6323 out of 16664 program addresses used, program memory utilization is 37%



                              Symbols - Sorted by Name
                     Name    Address   Location    Storage File                     
                ---------  ---------  ---------  --------- ---------                
                  BusyADC   0x0018c6    program     extern C:\MCC18\src\TRADIT~1\pmc\ADC\adcbusy.c
               ConvertADC   0x0018d0    program     extern C:\MCC18\src\TRADIT~1\pmc\ADC\adcconv.c
                   D10K_1   0x00178c    program     static C:\MCC18\SRC\TRADIT~1\DELAYS\d10ktcyx.asm
                    D10Kl   0x001798    program     static C:\MCC18\SRC\TRADIT~1\DELAYS\d10ktcyx.asm
                    D10Kx   0x00178a    program     static C:\MCC18\SRC\TRADIT~1\DELAYS\d10ktcyx.asm
                    D10_1   0x0018a2    program     static C:\MCC18\SRC\TRADIT~1\DELAYS\d10tcyx.asm
                     D10x   0x00189a    program     static C:\MCC18\SRC\TRADIT~1\DELAYS\d10tcyx.asm
                   D1616S   0x001140    program     static C:\MCC18\SRC\TRADIT~1\MATH\fxd1616s.asm
                D1616SNEG   0x00114e    program     static C:\MCC18\SRC\TRADIT~1\MATH\fxd1616s.asm
                 D1616SOK   0x00114a    program     static C:\MCC18\SRC\TRADIT~1\MATH\fxd1616s.asm
                  D1616SX   0x001160    program     static C:\MCC18\SRC\TRADIT~1\MATH\fxd1616s.asm
                  DA1616S   0x001130    program     static C:\MCC18\SRC\TRADIT~1\MATH\fxd1616s.asm
             Delay10KTCYx   0x001780    program     extern C:\MCC18\SRC\TRADIT~1\DELAYS\d10ktcyx.asm
              Delay10TCYx   0x001892    program     extern C:\MCC18\SRC\TRADIT~1\DELAYS\d10tcyx.asm
                 FLO1632S   0x00101e    program     extern C:\MCC18\SRC\TRADIT~1\MATH\cast16FP.asm
                 FLO1632U   0x00101a    program     extern C:\MCC18\SRC\TRADIT~1\MATH\cast16FP.asm
                    FPM32   0x001044    program     extern C:\MCC18\SRC\TRADIT~1\MATH\mulFP.asm
                 FXD1616S   0x00111e    program     extern C:\MCC18\SRC\TRADIT~1\MATH\fxd1616s.asm
                 FXD1616U   0x00180a    program     extern C:\MCC18\src\TRADIT~1\math\fxd1616u.c
                 FXD3232U   0x0016fa    program     extern C:\MCC18\src\TRADIT~1\math\fxd3232u.c
                 FXM1616S   0x0012d4    program     extern C:\MCC18\SRC\TRADIT~1\MATH\fxm1616s.asm
                  FXM3232   0x001570    program     extern C:\MCC18\src\TRADIT~1\math\fxm3232.c
   GetNormalizedGyroValue   0x000edc    program     extern E:\helo\Source\PIC source\Morken\18f4431 Gyro AtoD\main.c
                  INT3216   0x00116a    program     extern C:\MCC18\SRC\TRADIT~1\MATH\castFP16.asm
                  OpenADC   0x0015e0    program     extern C:\MCC18\src\TRADIT~1\pmc\ADC\adcopen.c
                OpenUSART   0x0014fc    program     extern C:\MCC18\src\TRADIT~1\pmc\USART\uopen.c
                  ReadADC   0x001742    program     extern C:\MCC18\src\TRADIT~1\pmc\ADC\adcread.c
               SetChanADC   0x0017dc    program     extern C:\MCC18\src\TRADIT~1\pmc\ADC\adcsetch.c
               TSIGN1616A   0x001320    program     static C:\MCC18\SRC\TRADIT~1\MATH\fxm1616s.asm
               WriteUSART   0x0017ae    program     extern C:\MCC18\src\TRADIT~1\pmc\USART\uwrite.c
                   _2jEnd   0x001698    program     static C:\MCC18\SRC\TRADIT~1\STDCLIB\slenpgm.asm
       _D10KTCYXCODE_0010   0x001790    program     static C:\MCC18\SRC\TRADIT~1\DELAYS\d10ktcyx.asm
       _D10KTCYXCODE_001C   0x00179c    program     static C:\MCC18\SRC\TRADIT~1\DELAYS\d10ktcyx.asm
        _D10TCYXCODE_000A   0x00189c    program     static C:\MCC18\SRC\TRADIT~1\DELAYS\d10tcyx.asm
        _D10TCYXCODE_000C   0x00189e    program     static C:\MCC18\SRC\TRADIT~1\DELAYS\d10tcyx.asm
        _D10TCYXCODE_000E   0x0018a0    program     static C:\MCC18\SRC\TRADIT~1\DELAYS\d10tcyx.asm
                 __FpExit   0x0011d4    program     extern C:\MCC18\SRC\TRADIT~1\MATH\packFP.asm
                 __FpPack   0x001200    program     extern C:\MCC18\SRC\TRADIT~1\MATH\packFP.asm
            __FpReturnNaN   0x0011c8    program     extern C:\MCC18\SRC\TRADIT~1\MATH\packFP.asm
         __FpReturnNegInf   0x0011da    program     extern C:\MCC18\SRC\TRADIT~1\MATH\packFP.asm
        __FpReturnNegZero   0x0011f2    program     extern C:\MCC18\SRC\TRADIT~1\MATH\packFP.asm
         __FpReturnPosInf   0x0011e0    program     extern C:\MCC18\SRC\TRADIT~1\MATH\packFP.asm
        __FpReturnPosZero   0x0011fa    program     extern C:\MCC18\SRC\TRADIT~1\MATH\packFP.asm
        __FpReturnSignInf   0x0011d6    program     extern C:\MCC18\SRC\TRADIT~1\MATH\packFP.asm
       __FpReturnSignZero   0x0011ee    program     extern C:\MCC18\SRC\TRADIT~1\MATH\packFP.asm
              __FpReturnW   0x001258    program     extern C:\MCC18\SRC\TRADIT~1\MATH\packFP.asm
              __FpUnPackA   0x001278    program     extern C:\MCC18\SRC\TRADIT~1\MATH\UnpackFP.asm
              __FpUnPackB   0x0012a8    program     extern C:\MCC18\SRC\TRADIT~1\MATH\UnpackFP.asm
       ___return_lbl00000   0x001834    program     static                          
       ___return_lbl00000   0x0015de    program     static                          
       ___return_lbl00000   0x000004    program     static                          
       ___return_lbl00000   0x001740    program     static                          
       ___return_lbl00001   0x001874    program     static                          
       ___return_lbl00002   0x001476    program     static                          
                   __init   0x0018d6    program     extern C:\MCC18\src\TRADIT~1\stdclib\__init.c
                   __pa_0   0x00096c    program     static C:\MCC18\src\TRADIT~1\stdclib\vfprintf.c
                   __pa_1   0x000974    program     static C:\MCC18\src\TRADIT~1\stdclib\vfprintf.c
                  __pa_10   0x000a28    program     static C:\MCC18\src\TRADIT~1\stdclib\vfprintf.c
                  __pa_11   0x000a36    program     static C:\MCC18\src\TRADIT~1\stdclib\vfprintf.c
                  __pa_12   0x000a4c    program     static C:\MCC18\src\TRADIT~1\stdclib\vfprintf.c
                  __pa_13   0x000a66    program     static C:\MCC18\src\TRADIT~1\stdclib\vfprintf.c
                  __pa_14   0x000a7e    program     static C:\MCC18\src\TRADIT~1\stdclib\vfprintf.c
                  __pa_15   0x000a8e    program     static C:\MCC18\src\TRADIT~1\stdclib\vfprintf.c
                  __pa_16   0x000aa4    program     static C:\MCC18\src\TRADIT~1\stdclib\vfprintf.c
                  __pa_17   0x000ab6    program     static C:\MCC18\src\TRADIT~1\stdclib\vfprintf.c
                  __pa_18   0x000ac8    program     static C:\MCC18\src\TRADIT~1\stdclib\vfprintf.c
                  __pa_19   0x000ad2    program     static C:\MCC18\src\TRADIT~1\stdclib\vfprintf.c
                   __pa_2   0x00097e    program     static C:\MCC18\src\TRADIT~1\stdclib\vfprintf.c
                  __pa_20   0x000ae2    program     static C:\MCC18\src\TRADIT~1\stdclib\vfprintf.c
                  __pa_21   0x000af2    program     static C:\MCC18\src\TRADIT~1\stdclib\vfprintf.c
                  __pa_22   0x000b02    program     static C:\MCC18\src\TRADIT~1\stdclib\vfprintf.c
                  __pa_23   0x000b0e    program     static C:\MCC18\src\TRADIT~1\stdclib\vfprintf.c
                  __pa_24   0x000b1c    program     static C:\MCC18\src\TRADIT~1\stdclib\vfprintf.c
                  __pa_25   0x000b24    program     static C:\MCC18\src\TRADIT~1\stdclib\vfprintf.c
                  __pa_26   0x000b2e    program     static C:\MCC18\src\TRADIT~1\stdclib\vfprintf.c
                  __pa_27   0x000b38    program     static C:\MCC18\src\TRADIT~1\stdclib\vfprintf.c
                  __pa_28   0x000b40    program     static C:\MCC18\src\TRADIT~1\stdclib\vfprintf.c
                  __pa_29   0x000b4e    program     static C:\MCC18\src\TRADIT~1\stdclib\vfprintf.c
                   __pa_3   0x000988    program     static C:\MCC18\src\TRADIT~1\stdclib\vfprintf.c
                  __pa_30   0x000b6a    program     static C:\MCC18\src\TRADIT~1\stdclib\vfprintf.c
                  __pa_31   0x000b84    program     static C:\MCC18\src\TRADIT~1\stdclib\vfprintf.c
                  __pa_32   0x000b9e    program     static C:\MCC18\src\TRADIT~1\stdclib\vfprintf.c
                  __pa_33   0x000bb6    program     static C:\MCC18\src\TRADIT~1\stdclib\vfprintf.c
                  __pa_34   0x000bc0    program     static C:\MCC18\src\TRADIT~1\stdclib\vfprintf.c
                  __pa_35   0x000bce    program     static C:\MCC18\src\TRADIT~1\stdclib\vfprintf.c
                  __pa_36   0x000bd6    program     static C:\MCC18\src\TRADIT~1\stdclib\vfprintf.c
                  __pa_37   0x000be0    program     static C:\MCC18\src\TRADIT~1\stdclib\vfprintf.c
                  __pa_38   0x000bf0    program     static C:\MCC18\src\TRADIT~1\stdclib\vfprintf.c
                  __pa_39   0x000bfe    program     static C:\MCC18\src\TRADIT~1\stdclib\vfprintf.c
                   __pa_4   0x0009a0    program     static C:\MCC18\src\TRADIT~1\stdclib\vfprintf.c
                  __pa_40   0x000c0a    program     static C:\MCC18\src\TRADIT~1\stdclib\vfprintf.c
                  __pa_41   0x000c16    program     static C:\MCC18\src\TRADIT~1\stdclib\vfprintf.c
                  __pa_42   0x000c1e    program     static C:\MCC18\src\TRADIT~1\stdclib\vfprintf.c
                  __pa_43   0x000c28    program     static C:\MCC18\src\TRADIT~1\stdclib\vfprintf.c
                  __pa_44   0x000c2e    program     static C:\MCC18\src\TRADIT~1\stdclib\vfprintf.c
                  __pa_45   0x000c38    program     static C:\MCC18\src\TRADIT~1\stdclib\vfprintf.c
                  __pa_46   0x000c44    program     static C:\MCC18\src\TRADIT~1\stdclib\vfprintf.c
                   __pa_5   0x0009b4    program     static C:\MCC18\src\TRADIT~1\stdclib\vfprintf.c
                   __pa_6   0x0009d0    program     static C:\MCC18\src\TRADIT~1\stdclib\vfprintf.c
                   __pa_7   0x0009da    program     static C:\MCC18\src\TRADIT~1\stdclib\vfprintf.c
                   __pa_8   0x0009e6    program     static C:\MCC18\src\TRADIT~1\stdclib\vfprintf.c
                   __pa_9   0x000a08    program     static C:\MCC18\src\TRADIT~1\stdclib\vfprintf.c
               __string_0   0x0018bf    program     static E:\helo\Source\PIC source\Morken\18f4431 Gyro AtoD\main.c
               __string_1   0x0018b9    program     static E:\helo\Source\PIC source\Morken\18f4431 Gyro AtoD\main.c
              __tmplbl_42   0x000b02    program     static                          
              __tmplbl_43   0x00094a    program     static                          
              __tmplbl_44   0x000930    program     static                          
              __tmplbl_85   0x000082    program     static                          
                _do_cinit   0x0013da    program     extern C:\MCC18\src\traditional\startup\c018i.c
                   _entry   0x000000    program     extern C:\MCC18\src\traditional\startup\c018i.c
                   _false   0x00173c    program     static                          
                 _startup   0x00185a    program     extern C:\MCC18\src\traditional\startup\c018i.c
              _usart_putc   0x001876    program     extern C:\MCC18\SRC\TRADIT~1\PMC\USART\_usartpc.asm
               _user_putc   0x0018d4    program     extern C:\MCC18\src\TRADIT~1\stdclib\_user_putc.c
                copy_loop   0x00144c    program     static                          
            copy_one_byte   0x001452    program     static                          
                     done   0x001476    program     static                          
             done_copying   0x001460    program     static                          
                  endloop   0x001830    program     static                          
                  isdigit   0x001836    program     extern C:\MCC18\SRC\TRADIT~1\STDCLIB\isdigit.asm
                 jANotInf   0x001062    program     static C:\MCC18\SRC\TRADIT~1\MATH\mulFP.asm
              jBothFinite   0x001070    program     static C:\MCC18\SRC\TRADIT~1\MATH\mulFP.asm
             jBothNotZero   0x00107c    program     static C:\MCC18\SRC\TRADIT~1\MATH\mulFP.asm
                     jEnd   0x001662    program     static C:\MCC18\SRC\TRADIT~1\STDCLIB\strlen.asm
                     jEnd   0x00169a    program     static C:\MCC18\SRC\TRADIT~1\STDCLIB\slenpgm.asm
                    jExit   0x0011c6    program     static C:\MCC18\SRC\TRADIT~1\MATH\castFP16.asm
                jHaveZero   0x001078    program     static C:\MCC18\SRC\TRADIT~1\MATH\mulFP.asm
                jI2F16Beg   0x00102e    program     static C:\MCC18\SRC\TRADIT~1\MATH\cast16FP.asm
                    jLoop   0x001682    program     static C:\MCC18\SRC\TRADIT~1\STDCLIB\slenpgm.asm
                    jLoop   0x001658    program     static C:\MCC18\SRC\TRADIT~1\STDCLIB\strlen.asm
                    jLoop   0x0011a6    program     static C:\MCC18\SRC\TRADIT~1\MATH\castFP16.asm
                jLoopExit   0x0011b6    program     static C:\MCC18\SRC\TRADIT~1\MATH\castFP16.asm
                   jMatch   0x001856    program     static C:\MCC18\SRC\TRADIT~1\STDCLIB\isdigit.asm
                     jMax   0x00117a    program     static C:\MCC18\SRC\TRADIT~1\MATH\castFP16.asm
                  jMaxNeg   0x001188    program     static C:\MCC18\SRC\TRADIT~1\MATH\castFP16.asm
                  jMaxPos   0x00117e    program     static C:\MCC18\SRC\TRADIT~1\MATH\castFP16.asm
                 jNoMatch   0x001858    program     static C:\MCC18\SRC\TRADIT~1\STDCLIB\isdigit.asm
                  jNotInf   0x001196    program     static C:\MCC18\SRC\TRADIT~1\MATH\castFP16.asm
                  jPkLoop   0x00120e    program     static C:\MCC18\SRC\TRADIT~1\MATH\packFP.asm
             jPkRoundDone   0x001258    program     static C:\MCC18\SRC\TRADIT~1\MATH\packFP.asm
               jPkRoundIt   0x001240    program     static C:\MCC18\SRC\TRADIT~1\MATH\packFP.asm
             jPkShiftDone   0x00122a    program     static C:\MCC18\SRC\TRADIT~1\MATH\packFP.asm
           jReturnPosInf0   0x0011e4    program     static C:\MCC18\SRC\TRADIT~1\MATH\packFP.asm
                  jUnpkA1   0x001282    program     static C:\MCC18\SRC\TRADIT~1\MATH\UnpackFP.asm
                  jUnpkA2   0x00129a    program     static C:\MCC18\SRC\TRADIT~1\MATH\UnpackFP.asm
                 jUnpkANZ   0x001290    program     static C:\MCC18\SRC\TRADIT~1\MATH\UnpackFP.asm
                  jUnpkB1   0x0012b2    program     static C:\MCC18\SRC\TRADIT~1\MATH\UnpackFP.asm
                  jUnpkB2   0x0012ca    program     static C:\MCC18\SRC\TRADIT~1\MATH\UnpackFP.asm
                 jUnpkBNZ   0x0012c0    program     static C:\MCC18\SRC\TRADIT~1\MATH\UnpackFP.asm
                 jUnpkNaN   0x0012a4    program     static C:\MCC18\SRC\TRADIT~1\MATH\UnpackFP.asm
                    jZero   0x001190    program     static C:\MCC18\SRC\TRADIT~1\MATH\castFP16.asm
               jZero1and2   0x0011e8    program     static C:\MCC18\SRC\TRADIT~1\MATH\packFP.asm
                     loop   0x001886    program     static C:\MCC18\SRC\TRADIT~1\PMC\USART\_usartpc.asm
                     loop   0x00186a    program     static                          
                     loop   0x001814    program     static                          
                     loop   0x001708    program     static                          
                     main   0x000c4e    program     extern E:\helo\Source\PIC source\Morken\18f4431 Gyro AtoD\main.c
                     putc   0x001478    program     extern C:\MCC18\src\TRADIT~1\stdclib\putc.c
                putsUSART   0x0016ae    program     extern C:\MCC18\src\TRADIT~1\pmc\USART\uputs.c
                 s_digits   0x0018a8    program     static C:\MCC18\src\TRADIT~1\stdclib\vfprintf.c
            s_put_n_chars   0x00002c    program     static C:\MCC18\src\TRADIT~1\stdclib\vfprintf.c
                  sprintf   0x00132e    program     extern C:\MCC18\src\TRADIT~1\stdclib\sprintf.c
                   strlen   0x001648    program     extern C:\MCC18\SRC\TRADIT~1\STDCLIB\strlen.asm
                strlenpgm   0x001664    program     extern C:\MCC18\SRC\TRADIT~1\STDCLIB\slenpgm.asm
                     test   0x0013f4    program     static                          
                 vfprintf   0x000058    program     extern C:\MCC18\src\TRADIT~1\stdclib\vfprintf.c
                    ADCHS   0x000f99       data     extern C:\MCC18\SRC\TRADIT~1\PROC\p18f4431.asm
                ADCHSbits   0x000f99       data     extern C:\MCC18\SRC\TRADIT~1\PROC\p18f4431.asm
                   ADCON0   0x000fc2       data     extern C:\MCC18\SRC\TRADIT~1\PROC\p18f4431.asm
               ADCON0bits   0x000fc2       data     extern C:\MCC18\SRC\TRADIT~1\PROC\p18f4431.asm
                   ADCON1   0x000fc1       data     extern C:\MCC18\SRC\TRADIT~1\PROC\p18f4431.asm
               ADCON1bits   0x000fc1       data     extern C:\MCC18\SRC\TRADIT~1\PROC\p18f4431.asm
                   ADCON2   0x000fc0       data     extern C:\MCC18\SRC\TRADIT~1\PROC\p18f4431.asm
               ADCON2bits   0x000fc0       data     extern C:\MCC18\SRC\TRADIT~1\PROC\p18f4431.asm
                   ADCON3   0x000f9a       data     extern C:\MCC18\SRC\TRADIT~1\PROC\p18f4431.asm
               ADCON3bits   0x000f9a       data     extern C:\MCC18\SRC\TRADIT~1\PROC\p18f4431.asm
                    ADRES   0x000fc3       data     extern C:\MCC18\SRC\TRADIT~1\PROC\p18f4431.asm
                   ADRESH   0x000fc4       data     extern C:\MCC18\SRC\TRADIT~1\PROC\p18f4431.asm
                   ADRESL   0x000fc3       data     extern C:\MCC18\SRC\TRADIT~1\PROC\p18f4431.asm
                   ANSEL0   0x000fb8       data     extern C:\MCC18\SRC\TRADIT~1\PROC\p18f4431.asm
               ANSEL0bits   0x000fb8       data     extern C:\MCC18\SRC\TRADIT~1\PROC\p18f4431.asm
                   ANSEL1   0x000fb9       data     extern C:\MCC18\SRC\TRADIT~1\PROC\p18f4431.asm
               ANSEL1bits   0x000fb9       data     extern C:\MCC18\SRC\TRADIT~1\PROC\p18f4431.asm
                  BAUDCON   0x000faa       data     extern C:\MCC18\SRC\TRADIT~1\PROC\p18f4431.asm
              BAUDCONbits   0x000faa       data     extern C:\MCC18\SRC\TRADIT~1\PROC\p18f4431.asm
                  BAUDCTL   0x000faa       data     extern C:\MCC18\SRC\TRADIT~1\PROC\p18f4431.asm
              BAUDCTLbits   0x000faa       data     extern C:\MCC18\SRC\TRADIT~1\PROC\p18f4431.asm
                      BSR   0x000fe0       data     extern C:\MCC18\SRC\TRADIT~1\PROC\p18f4431.asm
                 CAP1BUFH   0x000f69       data     extern C:\MCC18\SRC\TRADIT~1\PROC\p18f4431.asm
                 CAP1BUFL   0x000f68       data     extern C:\MCC18\SRC\TRADIT~1\PROC\p18f4431.asm
                  CAP1CON   0x000f63       data     extern C:\MCC18\SRC\TRADIT~1\PROC\p18f4431.asm
              CAP1CONbits   0x000f63       data     extern C:\MCC18\SRC\TRADIT~1\PROC\p18f4431.asm
                 CAP2BUFH   0x000f67       data     extern C:\MCC18\SRC\TRADIT~1\PROC\p18f4431.asm
                 CAP2BUFL   0x000f66       data     extern C:\MCC18\SRC\TRADIT~1\PROC\p18f4431.asm
                  CAP2CON   0x000f62       data     extern C:\MCC18\SRC\TRADIT~1\PROC\p18f4431.asm
              CAP2CONbits   0x000f62       data     extern C:\MCC18\SRC\TRADIT~1\PROC\p18f4431.asm
                 CAP3BUFH   0x000f65       data     extern C:\MCC18\SRC\TRADIT~1\PROC\p18f4431.asm
                 CAP3BUFL   0x000f64       data     extern C:\MCC18\SRC\TRADIT~1\PROC\p18f4431.asm
                  CAP3CON   0x000f61       data     extern C:\MCC18\SRC\TRADIT~1\PROC\p18f4431.asm
              CAP3CONbits   0x000f61       data     extern C:\MCC18\SRC\TRADIT~1\PROC\p18f4431.asm
                  CCP1CON   0x000fbd       data     extern C:\MCC18\SRC\TRADIT~1\PROC\p18f4431.asm
              CCP1CONbits   0x000fbd       data     extern C:\MCC18\SRC\TRADIT~1\PROC\p18f4431.asm
                  CCP2CON   0x000fba       data     extern C:\MCC18\SRC\TRADIT~1\PROC\p18f4431.asm
              CCP2CONbits   0x000fba       data     extern C:\MCC18\SRC\TRADIT~1\PROC\p18f4431.asm
                    CCPR1   0x000fbe       data     extern C:\MCC18\SRC\TRADIT~1\PROC\p18f4431.asm
                   CCPR1H   0x000fbf       data     extern C:\MCC18\SRC\TRADIT~1\PROC\p18f4431.asm
                   CCPR1L   0x000fbe       data     extern C:\MCC18\SRC\TRADIT~1\PROC\p18f4431.asm
                    CCPR2   0x000fbb       data     extern C:\MCC18\SRC\TRADIT~1\PROC\p18f4431.asm
                   CCPR2H   0x000fbc       data     extern C:\MCC18\SRC\TRADIT~1\PROC\p18f4431.asm
                   CCPR2L   0x000fbb       data     extern C:\MCC18\SRC\TRADIT~1\PROC\p18f4431.asm
                     DDRA   0x000f92       data     extern C:\MCC18\SRC\TRADIT~1\PROC\p18f4431.asm
                 DDRAbits   0x000f92       data     extern C:\MCC18\SRC\TRADIT~1\PROC\p18f4431.asm
                     DDRB   0x000f93       data     extern C:\MCC18\SRC\TRADIT~1\PROC\p18f4431.asm
                 DDRBbits   0x000f93       data     extern C:\MCC18\SRC\TRADIT~1\PROC\p18f4431.asm
                     DDRC   0x000f94       data     extern C:\MCC18\SRC\TRADIT~1\PROC\p18f4431.asm
                 DDRCbits   0x000f94       data     extern C:\MCC18\SRC\TRADIT~1\PROC\p18f4431.asm
                     DDRD   0x000f95       data     extern C:\MCC18\SRC\TRADIT~1\PROC\p18f4431.asm
                 DDRDbits   0x000f95       data     extern C:\MCC18\SRC\TRADIT~1\PROC\p18f4431.asm
                     DDRE   0x000f96       data     extern C:\MCC18\SRC\TRADIT~1\PROC\p18f4431.asm
                 DDREbits   0x000f96       data     extern C:\MCC18\SRC\TRADIT~1\PROC\p18f4431.asm
                  DFLTCON   0x000f60       data     extern C:\MCC18\SRC\TRADIT~1\PROC\p18f4431.asm
              DFLTCONbits   0x000f60       data     extern C:\MCC18\SRC\TRADIT~1\PROC\p18f4431.asm
                    DTCON   0x000f6d       data     extern C:\MCC18\SRC\TRADIT~1\PROC\p18f4431.asm
                DTCONbits   0x000f6d       data     extern C:\MCC18\SRC\TRADIT~1\PROC\p18f4431.asm
            DelayCounter1   0x00001c       data     extern C:\MCC18\SRC\TRADIT~1\DELAYS\delayd1.asm
            DelayCounter2   0x00001b       data     extern C:\MCC18\SRC\TRADIT~1\DELAYS\delayd2.asm
                    EEADR   0x000fa9       data     extern C:\MCC18\SRC\TRADIT~1\PROC\p18f4431.asm
                   EECON1   0x000fa6       data     extern C:\MCC18\SRC\TRADIT~1\PROC\p18f4431.asm
               EECON1bits   0x000fa6       data     extern C:\MCC18\SRC\TRADIT~1\PROC\p18f4431.asm
                   EECON2   0x000fa7       data     extern C:\MCC18\SRC\TRADIT~1\PROC\p18f4431.asm
                   EEDATA   0x000fa8       data     extern C:\MCC18\SRC\TRADIT~1\PROC\p18f4431.asm
                FLTCONFIG   0x000f6c       data     extern C:\MCC18\SRC\TRADIT~1\PROC\p18f4431.asm
            FLTCONFIGbits   0x000f6c       data     extern C:\MCC18\SRC\TRADIT~1\PROC\p18f4431.asm
                     FSR0   0x000fe9       data     extern C:\MCC18\SRC\TRADIT~1\PROC\p18f4431.asm
                    FSR0H   0x000fea       data     extern C:\MCC18\SRC\TRADIT~1\PROC\p18f4431.asm
                    FSR0L   0x000fe9       data     extern C:\MCC18\SRC\TRADIT~1\PROC\p18f4431.asm
                     FSR1   0x000fe1       data     extern C:\MCC18\SRC\TRADIT~1\PROC\p18f4431.asm
                    FSR1H   0x000fe2       data     extern C:\MCC18\SRC\TRADIT~1\PROC\p18f4431.asm
                    FSR1L   0x000fe1       data     extern C:\MCC18\SRC\TRADIT~1\PROC\p18f4431.asm
                     FSR2   0x000fd9       data     extern C:\MCC18\SRC\TRADIT~1\PROC\p18f4431.asm
                    FSR2H   0x000fda       data     extern C:\MCC18\SRC\TRADIT~1\PROC\p18f4431.asm
                    FSR2L   0x000fd9       data     extern C:\MCC18\SRC\TRADIT~1\PROC\p18f4431.asm
                    INDF0   0x000fef       data     extern C:\MCC18\SRC\TRADIT~1\PROC\p18f4431.asm
                    INDF1   0x000fe7       data     extern C:\MCC18\SRC\TRADIT~1\PROC\p18f4431.asm
                    INDF2   0x000fdf       data     extern C:\MCC18\SRC\TRADIT~1\PROC\p18f4431.asm
                   INTCON   0x000ff2       data     extern C:\MCC18\SRC\TRADIT~1\PROC\p18f4431.asm
                  INTCON2   0x000ff1       data     extern C:\MCC18\SRC\TRADIT~1\PROC\p18f4431.asm
              INTCON2bits   0x000ff1       data     extern C:\MCC18\SRC\TRADIT~1\PROC\p18f4431.asm
                  INTCON3   0x000ff0       data     extern C:\MCC18\SRC\TRADIT~1\PROC\p18f4431.asm
              INTCON3bits   0x000ff0       data     extern C:\MCC18\SRC\TRADIT~1\PROC\p18f4431.asm
               INTCONbits   0x000ff2       data     extern C:\MCC18\SRC\TRADIT~1\PROC\p18f4431.asm
                     IPR1   0x000f9f       data     extern C:\MCC18\SRC\TRADIT~1\PROC\p18f4431.asm
                 IPR1bits   0x000f9f       data     extern C:\MCC18\SRC\TRADIT~1\PROC\p18f4431.asm
                     IPR2   0x000fa2       data     extern C:\MCC18\SRC\TRADIT~1\PROC\p18f4431.asm
                 IPR2bits   0x000fa2       data     extern C:\MCC18\SRC\TRADIT~1\PROC\p18f4431.asm
                     IPR3   0x000fa5       data     extern C:\MCC18\SRC\TRADIT~1\PROC\p18f4431.asm
                 IPR3bits   0x000fa5       data     extern C:\MCC18\SRC\TRADIT~1\PROC\p18f4431.asm
                     LATA   0x000f89       data     extern C:\MCC18\SRC\TRADIT~1\PROC\p18f4431.asm
                 LATAbits   0x000f89       data     extern C:\MCC18\SRC\TRADIT~1\PROC\p18f4431.asm
                     LATB   0x000f8a       data     extern C:\MCC18\SRC\TRADIT~1\PROC\p18f4431.asm
                 LATBbits   0x000f8a       data     extern C:\MCC18\SRC\TRADIT~1\PROC\p18f4431.asm
                     LATC   0x000f8b       data     extern C:\MCC18\SRC\TRADIT~1\PROC\p18f4431.asm
                 LATCbits   0x000f8b       data     extern C:\MCC18\SRC\TRADIT~1\PROC\p18f4431.asm
                     LATD   0x000f8c       data     extern C:\MCC18\SRC\TRADIT~1\PROC\p18f4431.asm
                 LATDbits   0x000f8c       data     extern C:\MCC18\SRC\TRADIT~1\PROC\p18f4431.asm
                     LATE   0x000f8d       data     extern C:\MCC18\SRC\TRADIT~1\PROC\p18f4431.asm
                 LATEbits   0x000f8d       data     extern C:\MCC18\SRC\TRADIT~1\PROC\p18f4431.asm
                   LVDCON   0x000fd2       data     extern C:\MCC18\SRC\TRADIT~1\PROC\p18f4431.asm
               LVDCONbits   0x000fd2       data     extern C:\MCC18\SRC\TRADIT~1\PROC\p18f4431.asm
                  MAXCNTH   0x000f65       data     extern C:\MCC18\SRC\TRADIT~1\PROC\p18f4431.asm
                  MAXCNTL   0x000f64       data     extern C:\MCC18\SRC\TRADIT~1\PROC\p18f4431.asm
     NormalizedGyroValueX   0x00006c       data     extern E:\helo\Source\PIC source\Morken\18f4431 Gyro AtoD\main.c
     NormalizedGyroValueY   0x00006e       data     extern E:\helo\Source\PIC source\Morken\18f4431 Gyro AtoD\main.c
                NumString   0x000062       data     extern E:\helo\Source\PIC source\Morken\18f4431 Gyro AtoD\main.c
                   OSCCON   0x000fd3       data     extern C:\MCC18\SRC\TRADIT~1\PROC\p18f4431.asm
               OSCCONbits   0x000fd3       data     extern C:\MCC18\SRC\TRADIT~1\PROC\p18f4431.asm
                  OSCTUNE   0x000f9b       data     extern C:\MCC18\SRC\TRADIT~1\PROC\p18f4431.asm
              OSCTUNEbits   0x000f9b       data     extern C:\MCC18\SRC\TRADIT~1\PROC\p18f4431.asm
                  OVDCOND   0x000f6b       data     extern C:\MCC18\SRC\TRADIT~1\PROC\p18f4431.asm
              OVDCONDbits   0x000f6b       data     extern C:\MCC18\SRC\TRADIT~1\PROC\p18f4431.asm
                  OVDCONS   0x000f6a       data     extern C:\MCC18\SRC\TRADIT~1\PROC\p18f4431.asm
              OVDCONSbits   0x000f6a       data     extern C:\MCC18\SRC\TRADIT~1\PROC\p18f4431.asm
                       PC   0x000ff9       data     extern C:\MCC18\SRC\TRADIT~1\PROC\p18f4431.asm
                      PCL   0x000ff9       data     extern C:\MCC18\SRC\TRADIT~1\PROC\p18f4431.asm
                   PCLATH   0x000ffa       data     extern C:\MCC18\SRC\TRADIT~1\PROC\p18f4431.asm
                   PCLATU   0x000ffb       data     extern C:\MCC18\SRC\TRADIT~1\PROC\p18f4431.asm
                    PDC0H   0x000f78       data     extern C:\MCC18\SRC\TRADIT~1\PROC\p18f4431.asm
                    PDC0L   0x000f79       data     extern C:\MCC18\SRC\TRADIT~1\PROC\p18f4431.asm
                    PDC1H   0x000f76       data     extern C:\MCC18\SRC\TRADIT~1\PROC\p18f4431.asm
                    PDC1L   0x000f77       data     extern C:\MCC18\SRC\TRADIT~1\PROC\p18f4431.asm
                    PDC2H   0x000f74       data     extern C:\MCC18\SRC\TRADIT~1\PROC\p18f4431.asm
                    PDC2L   0x000f75       data     extern C:\MCC18\SRC\TRADIT~1\PROC\p18f4431.asm
                    PDC3H   0x000f72       data     extern C:\MCC18\SRC\TRADIT~1\PROC\p18f4431.asm
                    PDC3L   0x000f73       data     extern C:\MCC18\SRC\TRADIT~1\PROC\p18f4431.asm
                     PIE1   0x000f9d       data     extern C:\MCC18\SRC\TRADIT~1\PROC\p18f4431.asm
                 PIE1bits   0x000f9d       data     extern C:\MCC18\SRC\TRADIT~1\PROC\p18f4431.asm
                     PIE2   0x000fa0       data     extern C:\MCC18\SRC\TRADIT~1\PROC\p18f4431.asm
                 PIE2bits   0x000fa0       data     extern C:\MCC18\SRC\TRADIT~1\PROC\p18f4431.asm
                     PIE3   0x000fa3       data     extern C:\MCC18\SRC\TRADIT~1\PROC\p18f4431.asm
                 PIE3bits   0x000fa3       data     extern C:\MCC18\SRC\TRADIT~1\PROC\p18f4431.asm
                     PIR1   0x000f9e       data     extern C:\MCC18\SRC\TRADIT~1\PROC\p18f4431.asm
                 PIR1bits   0x000f9e       data     extern C:\MCC18\SRC\TRADIT~1\PROC\p18f4431.asm
                     PIR2   0x000fa1       data     extern C:\MCC18\SRC\TRADIT~1\PROC\p18f4431.asm
                 PIR2bits   0x000fa1       data     extern C:\MCC18\SRC\TRADIT~1\PROC\p18f4431.asm
                     PIR3   0x000fa4       data     extern C:\MCC18\SRC\TRADIT~1\PROC\p18f4431.asm
                 PIR3bits   0x000fa4       data     extern C:\MCC18\SRC\TRADIT~1\PROC\p18f4431.asm
                   PLUSW0   0x000feb       data     extern C:\MCC18\SRC\TRADIT~1\PROC\p18f4431.asm
                   PLUSW1   0x000fe3       data     extern C:\MCC18\SRC\TRADIT~1\PROC\p18f4431.asm
                   PLUSW2   0x000fdb       data     extern C:\MCC18\SRC\TRADIT~1\PROC\p18f4431.asm
                    PORTA   0x000f80       data     extern C:\MCC18\SRC\TRADIT~1\PROC\p18f4431.asm
                PORTAbits   0x000f80       data     extern C:\MCC18\SRC\TRADIT~1\PROC\p18f4431.asm
                    PORTB   0x000f81       data     extern C:\MCC18\SRC\TRADIT~1\PROC\p18f4431.asm
                PORTBbits   0x000f81       data     extern C:\MCC18\SRC\TRADIT~1\PROC\p18f4431.asm
                    PORTC   0x000f82       data     extern C:\MCC18\SRC\TRADIT~1\PROC\p18f4431.asm
                PORTCbits   0x000f82       data     extern C:\MCC18\SRC\TRADIT~1\PROC\p18f4431.asm
                    PORTD   0x000f83       data     extern C:\MCC18\SRC\TRADIT~1\PROC\p18f4431.asm
                PORTDbits   0x000f83       data     extern C:\MCC18\SRC\TRADIT~1\PROC\p18f4431.asm
                    PORTE   0x000f84       data     extern C:\MCC18\SRC\TRADIT~1\PROC\p18f4431.asm
                PORTEbits   0x000f84       data     extern C:\MCC18\SRC\TRADIT~1\PROC\p18f4431.asm
                  POSCNTH   0x000f67       data     extern C:\MCC18\SRC\TRADIT~1\PROC\p18f4431.asm
                  POSCNTL   0x000f66       data     extern C:\MCC18\SRC\TRADIT~1\PROC\p18f4431.asm
                 POSTDEC0   0x000fed       data     extern C:\MCC18\SRC\TRADIT~1\PROC\p18f4431.asm
                 POSTDEC1   0x000fe5       data     extern C:\MCC18\SRC\TRADIT~1\PROC\p18f4431.asm
                 POSTDEC2   0x000fdd       data     extern C:\MCC18\SRC\TRADIT~1\PROC\p18f4431.asm
                 POSTINC0   0x000fee       data     extern C:\MCC18\SRC\TRADIT~1\PROC\p18f4431.asm
                 POSTINC1   0x000fe6       data     extern C:\MCC18\SRC\TRADIT~1\PROC\p18f4431.asm
                 POSTINC2   0x000fde       data     extern C:\MCC18\SRC\TRADIT~1\PROC\p18f4431.asm
                      PR2   0x000fcb       data     extern C:\MCC18\SRC\TRADIT~1\PROC\p18f4431.asm
                     PR5H   0x000f91       data     extern C:\MCC18\SRC\TRADIT~1\PROC\p18f4431.asm
                     PR5L   0x000f90       data     extern C:\MCC18\SRC\TRADIT~1\PROC\p18f4431.asm
                  PREINC0   0x000fec       data     extern C:\MCC18\SRC\TRADIT~1\PROC\p18f4431.asm
                  PREINC1   0x000fe4       data     extern C:\MCC18\SRC\TRADIT~1\PROC\p18f4431.asm
                  PREINC2   0x000fdc       data     extern C:\MCC18\SRC\TRADIT~1\PROC\p18f4431.asm
                     PROD   0x000ff3       data     extern C:\MCC18\SRC\TRADIT~1\PROC\p18f4431.asm
                    PRODH   0x000ff4       data     extern C:\MCC18\SRC\TRADIT~1\PROC\p18f4431.asm
                    PRODL   0x000ff3       data     extern C:\MCC18\SRC\TRADIT~1\PROC\p18f4431.asm
                   PTCON0   0x000f7f       data     extern C:\MCC18\SRC\TRADIT~1\PROC\p18f4431.asm
               PTCON0bits   0x000f7f       data     extern C:\MCC18\SRC\TRADIT~1\PROC\p18f4431.asm
                   PTCON1   0x000f7e       data     extern C:\MCC18\SRC\TRADIT~1\PROC\p18f4431.asm
               PTCON1bits   0x000f7e       data     extern C:\MCC18\SRC\TRADIT~1\PROC\p18f4431.asm
                    PTMRH   0x000f7c       data     extern C:\MCC18\SRC\TRADIT~1\PROC\p18f4431.asm
                    PTMRL   0x000f7d       data     extern C:\MCC18\SRC\TRADIT~1\PROC\p18f4431.asm
                   PTPERH   0x000f7a       data     extern C:\MCC18\SRC\TRADIT~1\PROC\p18f4431.asm
                   PTPERL   0x000f7b       data     extern C:\MCC18\SRC\TRADIT~1\PROC\p18f4431.asm
                  PWMCON0   0x000f6f       data     extern C:\MCC18\SRC\TRADIT~1\PROC\p18f4431.asm
              PWMCON0bits   0x000f6f       data     extern C:\MCC18\SRC\TRADIT~1\PROC\p18f4431.asm
                  PWMCON1   0x000f6e       data     extern C:\MCC18\SRC\TRADIT~1\PROC\p18f4431.asm
              PWMCON1bits   0x000f6e       data     extern C:\MCC18\SRC\TRADIT~1\PROC\p18f4431.asm
                   QEICON   0x000fb6       data     extern C:\MCC18\SRC\TRADIT~1\PROC\p18f4431.asm
               QEICONbits   0x000fb6       data     extern C:\MCC18\SRC\TRADIT~1\PROC\p18f4431.asm
                     RCON   0x000fd0       data     extern C:\MCC18\SRC\TRADIT~1\PROC\p18f4431.asm
                 RCONbits   0x000fd0       data     extern C:\MCC18\SRC\TRADIT~1\PROC\p18f4431.asm
                    RCREG   0x000fae       data     extern C:\MCC18\SRC\TRADIT~1\PROC\p18f4431.asm
                    RCSTA   0x000fab       data     extern C:\MCC18\SRC\TRADIT~1\PROC\p18f4431.asm
                RCSTAbits   0x000fab       data     extern C:\MCC18\SRC\TRADIT~1\PROC\p18f4431.asm
                 SEVTCMPH   0x000f70       data     extern C:\MCC18\SRC\TRADIT~1\PROC\p18f4431.asm
                 SEVTCMPL   0x000f71       data     extern C:\MCC18\SRC\TRADIT~1\PROC\p18f4431.asm
                     SIGN   0x000000       data     extern C:\MCC18\SRC\TRADIT~1\MATH\cmath18.asm
                    SPBRG   0x000faf       data     extern C:\MCC18\SRC\TRADIT~1\PROC\p18f4431.asm
                   SPBRGH   0x000fb0       data     extern C:\MCC18\SRC\TRADIT~1\PROC\p18f4431.asm
                   SSPADD   0x000fc8       data     extern C:\MCC18\SRC\TRADIT~1\PROC\p18f4431.asm
                   SSPBUF   0x000fc9       data     extern C:\MCC18\SRC\TRADIT~1\PROC\p18f4431.asm
                   SSPCON   0x000fc6       data     extern C:\MCC18\SRC\TRADIT~1\PROC\p18f4431.asm
               SSPCONbits   0x000fc6       data     extern C:\MCC18\SRC\TRADIT~1\PROC\p18f4431.asm
                  SSPSTAT   0x000fc7       data     extern C:\MCC18\SRC\TRADIT~1\PROC\p18f4431.asm
              SSPSTATbits   0x000fc7       data     extern C:\MCC18\SRC\TRADIT~1\PROC\p18f4431.asm
                   STATUS   0x000fd8       data     extern C:\MCC18\SRC\TRADIT~1\PROC\p18f4431.asm
               STATUSbits   0x000fd8       data     extern C:\MCC18\SRC\TRADIT~1\PROC\p18f4431.asm
                   STKPTR   0x000ffc       data     extern C:\MCC18\SRC\TRADIT~1\PROC\p18f4431.asm
               STKPTRbits   0x000ffc       data     extern C:\MCC18\SRC\TRADIT~1\PROC\p18f4431.asm
                    T0CON   0x000fd5       data     extern C:\MCC18\SRC\TRADIT~1\PROC\p18f4431.asm
                T0CONbits   0x000fd5       data     extern C:\MCC18\SRC\TRADIT~1\PROC\p18f4431.asm
                    T1CON   0x000fcd       data     extern C:\MCC18\SRC\TRADIT~1\PROC\p18f4431.asm
                T1CONbits   0x000fcd       data     extern C:\MCC18\SRC\TRADIT~1\PROC\p18f4431.asm
                    T2CON   0x000fca       data     extern C:\MCC18\SRC\TRADIT~1\PROC\p18f4431.asm
                T2CONbits   0x000fca       data     extern C:\MCC18\SRC\TRADIT~1\PROC\p18f4431.asm
                    T5CON   0x000fb7       data     extern C:\MCC18\SRC\TRADIT~1\PROC\p18f4431.asm
                T5CONbits   0x000fb7       data     extern C:\MCC18\SRC\TRADIT~1\PROC\p18f4431.asm
                   TABLAT   0x000ff5       data     extern C:\MCC18\SRC\TRADIT~1\PROC\p18f4431.asm
                   TBLPTR   0x000ff6       data     extern C:\MCC18\SRC\TRADIT~1\PROC\p18f4431.asm
                  TBLPTRH   0x000ff7       data     extern C:\MCC18\SRC\TRADIT~1\PROC\p18f4431.asm
                  TBLPTRL   0x000ff6       data     extern C:\MCC18\SRC\TRADIT~1\PROC\p18f4431.asm
                  TBLPTRU   0x000ff8       data     extern C:\MCC18\SRC\TRADIT~1\PROC\p18f4431.asm
                    TMR0H   0x000fd7       data     extern C:\MCC18\SRC\TRADIT~1\PROC\p18f4431.asm
                    TMR0L   0x000fd6       data     extern C:\MCC18\SRC\TRADIT~1\PROC\p18f4431.asm
                    TMR1H   0x000fcf       data     extern C:\MCC18\SRC\TRADIT~1\PROC\p18f4431.asm
                    TMR1L   0x000fce       data     extern C:\MCC18\SRC\TRADIT~1\PROC\p18f4431.asm
                     TMR2   0x000fcc       data     extern C:\MCC18\SRC\TRADIT~1\PROC\p18f4431.asm
                    TMR5H   0x000f88       data     extern C:\MCC18\SRC\TRADIT~1\PROC\p18f4431.asm
                    TMR5L   0x000f87       data     extern C:\MCC18\SRC\TRADIT~1\PROC\p18f4431.asm
                      TOS   0x000ffd       data     extern C:\MCC18\SRC\TRADIT~1\PROC\p18f4431.asm
                     TOSH   0x000ffe       data     extern C:\MCC18\SRC\TRADIT~1\PROC\p18f4431.asm
                     TOSL   0x000ffd       data     extern C:\MCC18\SRC\TRADIT~1\PROC\p18f4431.asm
                     TOSU   0x000fff       data     extern C:\MCC18\SRC\TRADIT~1\PROC\p18f4431.asm
                    TRISA   0x000f92       data     extern C:\MCC18\SRC\TRADIT~1\PROC\p18f4431.asm
                TRISAbits   0x000f92       data     extern C:\MCC18\SRC\TRADIT~1\PROC\p18f4431.asm
                    TRISB   0x000f93       data     extern C:\MCC18\SRC\TRADIT~1\PROC\p18f4431.asm
                TRISBbits   0x000f93       data     extern C:\MCC18\SRC\TRADIT~1\PROC\p18f4431.asm
                    TRISC   0x000f94       data     extern C:\MCC18\SRC\TRADIT~1\PROC\p18f4431.asm
                TRISCbits   0x000f94       data     extern C:\MCC18\SRC\TRADIT~1\PROC\p18f4431.asm
                    TRISD   0x000f95       data     extern C:\MCC18\SRC\TRADIT~1\PROC\p18f4431.asm
                TRISDbits   0x000f95       data     extern C:\MCC18\SRC\TRADIT~1\PROC\p18f4431.asm
                    TRISE   0x000f96       data     extern C:\MCC18\SRC\TRADIT~1\PROC\p18f4431.asm
                TRISEbits   0x000f96       data     extern C:\MCC18\SRC\TRADIT~1\PROC\p18f4431.asm
                    TXREG   0x000fad       data     extern C:\MCC18\SRC\TRADIT~1\PROC\p18f4431.asm
                    TXSTA   0x000fac       data     extern C:\MCC18\SRC\TRADIT~1\PROC\p18f4431.asm
                TXSTAbits   0x000fac       data     extern C:\MCC18\SRC\TRADIT~1\PROC\p18f4431.asm
             USART_Status   0x00007a       data     extern C:\MCC18\src\TRADIT~1\pmc\USART\usartd.c
                    VELRH   0x000f69       data     extern C:\MCC18\SRC\TRADIT~1\PROC\p18f4431.asm
                    VELRL   0x000f68       data     extern C:\MCC18\SRC\TRADIT~1\PROC\p18f4431.asm
                   WDTCON   0x000fd1       data     extern C:\MCC18\SRC\TRADIT~1\PROC\p18f4431.asm
               WDTCONbits   0x000fd1       data     extern C:\MCC18\SRC\TRADIT~1\PROC\p18f4431.asm
                     WREG   0x000fe8       data     extern C:\MCC18\SRC\TRADIT~1\PROC\p18f4431.asm
                 __AARGB0   0x000009       data     extern C:\MCC18\SRC\TRADIT~1\MATH\aarg.asm
                 __AARGB1   0x000008       data     extern C:\MCC18\SRC\TRADIT~1\MATH\aarg.asm
                 __AARGB2   0x000007       data     extern C:\MCC18\SRC\TRADIT~1\MATH\aarg.asm
                 __AARGB3   0x000006       data     extern C:\MCC18\SRC\TRADIT~1\MATH\aarg.asm
                 __AARGB4   0x000005       data     extern C:\MCC18\SRC\TRADIT~1\MATH\aarg.asm
                 __AARGB5   0x000004       data     extern C:\MCC18\SRC\TRADIT~1\MATH\aarg.asm
                 __AARGB6   0x000003       data     extern C:\MCC18\SRC\TRADIT~1\MATH\aarg.asm
                 __AARGB7   0x000002       data     extern C:\MCC18\SRC\TRADIT~1\MATH\aarg.asm
                   __AEXP   0x00000a       data     extern C:\MCC18\SRC\TRADIT~1\MATH\aarg.asm
                 __BARGB0   0x00000e       data     extern C:\MCC18\SRC\TRADIT~1\MATH\barg.asm
                 __BARGB1   0x00000d       data     extern C:\MCC18\SRC\TRADIT~1\MATH\barg.asm
                 __BARGB2   0x00000c       data     extern C:\MCC18\SRC\TRADIT~1\MATH\barg.asm
                 __BARGB3   0x00000b       data     extern C:\MCC18\SRC\TRADIT~1\MATH\barg.asm
                   __BEXP   0x00000f       data     extern C:\MCC18\SRC\TRADIT~1\MATH\barg.asm
                __FPFLAGS   0x000001       data     extern C:\MCC18\SRC\TRADIT~1\MATH\cmath18.asm
            __FPFLAGSbits   0x000001       data     extern C:\MCC18\SRC\TRADIT~1\MATH\cmath18.asm
                  __REMB0   0x000005       data     extern C:\MCC18\SRC\TRADIT~1\MATH\aarg.asm
                  __REMB1   0x000004       data     extern C:\MCC18\SRC\TRADIT~1\MATH\aarg.asm
                  __REMB2   0x000003       data     extern C:\MCC18\SRC\TRADIT~1\MATH\aarg.asm
                  __REMB3   0x000002       data     extern C:\MCC18\SRC\TRADIT~1\MATH\aarg.asm
                   __TEMP   0x000013       data     extern C:\MCC18\SRC\TRADIT~1\MATH\temparg.asm
                 __TEMPB0   0x000013       data     extern C:\MCC18\SRC\TRADIT~1\MATH\temparg.asm
                 __TEMPB1   0x000012       data     extern C:\MCC18\SRC\TRADIT~1\MATH\temparg.asm
                 __TEMPB2   0x000011       data     extern C:\MCC18\SRC\TRADIT~1\MATH\temparg.asm
                 __TEMPB3   0x000010       data     extern C:\MCC18\SRC\TRADIT~1\MATH\temparg.asm
                  __tmp_0   0x000014       data     static C:\MCC18\src\TRADIT~1\stdclib\sprintf.c
                  __tmp_0   0x000014       data     static C:\MCC18\src\TRADIT~1\stdclib\vfprintf.c
                  __tmp_0   0x000014       data     static C:\MCC18\src\TRADIT~1\stdclib\putc.c
                  __tmp_0   0x000014       data     static C:\MCC18\src\TRADIT~1\pmc\ADC\adcsetch.c
                  __tmp_0   0x000014       data     static C:\MCC18\src\TRADIT~1\pmc\ADC\adcread.c
                  __tmp_0   0x000014       data     static C:\MCC18\src\TRADIT~1\pmc\USART\uopen.c
                  __tmp_0   0x000014       data     static E:\helo\Source\PIC source\Morken\18f4431 Gyro AtoD\main.c
                   adcVal   0x000060       data     extern E:\helo\Source\PIC source\Morken\18f4431 Gyro AtoD\main.c
                curr_byte   0x000073       data     static C:\MCC18\src\traditional\startup\c018i.c
               curr_entry   0x000075       data     static C:\MCC18\src\traditional\startup\c018i.c
                 data_ptr   0x000077       data     static C:\MCC18\src\traditional\startup\c018i.c
                     prom   0x000070       data     static C:\MCC18\src\traditional\startup\c018i.c



                              Symbols - Sorted by Address
                     Name    Address   Location    Storage File                     
                ---------  ---------  ---------  --------- ---------                
                   _entry   0x000000    program     extern C:\MCC18\src\traditional\startup\c018i.c
       ___return_lbl00000   0x000004    program     static                          
            s_put_n_chars   0x00002c    program     static C:\MCC18\src\TRADIT~1\stdclib\vfprintf.c
                 vfprintf   0x000058    program     extern C:\MCC18\src\TRADIT~1\stdclib\vfprintf.c
              __tmplbl_85   0x000082    program     static                          
              __tmplbl_44   0x000930    program     static                          
              __tmplbl_43   0x00094a    program     static                          
                   __pa_0   0x00096c    program     static C:\MCC18\src\TRADIT~1\stdclib\vfprintf.c
                   __pa_1   0x000974    program     static C:\MCC18\src\TRADIT~1\stdclib\vfprintf.c
                   __pa_2   0x00097e    program     static C:\MCC18\src\TRADIT~1\stdclib\vfprintf.c
                   __pa_3   0x000988    program     static C:\MCC18\src\TRADIT~1\stdclib\vfprintf.c
                   __pa_4   0x0009a0    program     static C:\MCC18\src\TRADIT~1\stdclib\vfprintf.c
                   __pa_5   0x0009b4    program     static C:\MCC18\src\TRADIT~1\stdclib\vfprintf.c
                   __pa_6   0x0009d0    program     static C:\MCC18\src\TRADIT~1\stdclib\vfprintf.c
                   __pa_7   0x0009da    program     static C:\MCC18\src\TRADIT~1\stdclib\vfprintf.c
                   __pa_8   0x0009e6    program     static C:\MCC18\src\TRADIT~1\stdclib\vfprintf.c
                   __pa_9   0x000a08    program     static C:\MCC18\src\TRADIT~1\stdclib\vfprintf.c
                  __pa_10   0x000a28    program     static C:\MCC18\src\TRADIT~1\stdclib\vfprintf.c
                  __pa_11   0x000a36    program     static C:\MCC18\src\TRADIT~1\stdclib\vfprintf.c
                  __pa_12   0x000a4c    program     static C:\MCC18\src\TRADIT~1\stdclib\vfprintf.c
                  __pa_13   0x000a66    program     static C:\MCC18\src\TRADIT~1\stdclib\vfprintf.c
                  __pa_14   0x000a7e    program     static C:\MCC18\src\TRADIT~1\stdclib\vfprintf.c
                  __pa_15   0x000a8e    program     static C:\MCC18\src\TRADIT~1\stdclib\vfprintf.c
                  __pa_16   0x000aa4    program     static C:\MCC18\src\TRADIT~1\stdclib\vfprintf.c
                  __pa_17   0x000ab6    program     static C:\MCC18\src\TRADIT~1\stdclib\vfprintf.c
                  __pa_18   0x000ac8    program     static C:\MCC18\src\TRADIT~1\stdclib\vfprintf.c
                  __pa_19   0x000ad2    program     static C:\MCC18\src\TRADIT~1\stdclib\vfprintf.c
                  __pa_20   0x000ae2    program     static C:\MCC18\src\TRADIT~1\stdclib\vfprintf.c
                  __pa_21   0x000af2    program     static C:\MCC18\src\TRADIT~1\stdclib\vfprintf.c
                  __pa_22   0x000b02    program     static C:\MCC18\src\TRADIT~1\stdclib\vfprintf.c
              __tmplbl_42   0x000b02    program     static                          
                  __pa_23   0x000b0e    program     static C:\MCC18\src\TRADIT~1\stdclib\vfprintf.c
                  __pa_24   0x000b1c    program     static C:\MCC18\src\TRADIT~1\stdclib\vfprintf.c
                  __pa_25   0x000b24    program     static C:\MCC18\src\TRADIT~1\stdclib\vfprintf.c
                  __pa_26   0x000b2e    program     static C:\MCC18\src\TRADIT~1\stdclib\vfprintf.c
                  __pa_27   0x000b38    program     static C:\MCC18\src\TRADIT~1\stdclib\vfprintf.c
                  __pa_28   0x000b40    program     static C:\MCC18\src\TRADIT~1\stdclib\vfprintf.c
                  __pa_29   0x000b4e    program     static C:\MCC18\src\TRADIT~1\stdclib\vfprintf.c
                  __pa_30   0x000b6a    program     static C:\MCC18\src\TRADIT~1\stdclib\vfprintf.c
                  __pa_31   0x000b84    program     static C:\MCC18\src\TRADIT~1\stdclib\vfprintf.c
                  __pa_32   0x000b9e    program     static C:\MCC18\src\TRADIT~1\stdclib\vfprintf.c
                  __pa_33   0x000bb6    program     static C:\MCC18\src\TRADIT~1\stdclib\vfprintf.c
                  __pa_34   0x000bc0    program     static C:\MCC18\src\TRADIT~1\stdclib\vfprintf.c
                  __pa_35   0x000bce    program     static C:\MCC18\src\TRADIT~1\stdclib\vfprintf.c
                  __pa_36   0x000bd6    program     static C:\MCC18\src\TRADIT~1\stdclib\vfprintf.c
                  __pa_37   0x000be0    program     static C:\MCC18\src\TRADIT~1\stdclib\vfprintf.c
                  __pa_38   0x000bf0    program     static C:\MCC18\src\TRADIT~1\stdclib\vfprintf.c
                  __pa_39   0x000bfe    program     static C:\MCC18\src\TRADIT~1\stdclib\vfprintf.c
                  __pa_40   0x000c0a    program     static C:\MCC18\src\TRADIT~1\stdclib\vfprintf.c
                  __pa_41   0x000c16    program     static C:\MCC18\src\TRADIT~1\stdclib\vfprintf.c
                  __pa_42   0x000c1e    program     static C:\MCC18\src\TRADIT~1\stdclib\vfprintf.c
                  __pa_43   0x000c28    program     static C:\MCC18\src\TRADIT~1\stdclib\vfprintf.c
                  __pa_44   0x000c2e    program     static C:\MCC18\src\TRADIT~1\stdclib\vfprintf.c
                  __pa_45   0x000c38    program     static C:\MCC18\src\TRADIT~1\stdclib\vfprintf.c
                  __pa_46   0x000c44    program     static C:\MCC18\src\TRADIT~1\stdclib\vfprintf.c
                     main   0x000c4e    program     extern E:\helo\Source\PIC source\Morken\18f4431 Gyro AtoD\main.c
   GetNormalizedGyroValue   0x000edc    program     extern E:\helo\Source\PIC source\Morken\18f4431 Gyro AtoD\main.c
                 FLO1632U   0x00101a    program     extern C:\MCC18\SRC\TRADIT~1\MATH\cast16FP.asm
                 FLO1632S   0x00101e    program     extern C:\MCC18\SRC\TRADIT~1\MATH\cast16FP.asm
                jI2F16Beg   0x00102e    program     static C:\MCC18\SRC\TRADIT~1\MATH\cast16FP.asm
                    FPM32   0x001044    program     extern C:\MCC18\SRC\TRADIT~1\MATH\mulFP.asm
                 jANotInf   0x001062    program     static C:\MCC18\SRC\TRADIT~1\MATH\mulFP.asm
              jBothFinite   0x001070    program     static C:\MCC18\SRC\TRADIT~1\MATH\mulFP.asm
                jHaveZero   0x001078    program     static C:\MCC18\SRC\TRADIT~1\MATH\mulFP.asm
             jBothNotZero   0x00107c    program     static C:\MCC18\SRC\TRADIT~1\MATH\mulFP.asm
                 FXD1616S   0x00111e    program     extern C:\MCC18\SRC\TRADIT~1\MATH\fxd1616s.asm
                  DA1616S   0x001130    program     static C:\MCC18\SRC\TRADIT~1\MATH\fxd1616s.asm
                   D1616S   0x001140    program     static C:\MCC18\SRC\TRADIT~1\MATH\fxd1616s.asm
                 D1616SOK   0x00114a    program     static C:\MCC18\SRC\TRADIT~1\MATH\fxd1616s.asm
                D1616SNEG   0x00114e    program     static C:\MCC18\SRC\TRADIT~1\MATH\fxd1616s.asm
                  D1616SX   0x001160    program     static C:\MCC18\SRC\TRADIT~1\MATH\fxd1616s.asm
                  INT3216   0x00116a    program     extern C:\MCC18\SRC\TRADIT~1\MATH\castFP16.asm
                     jMax   0x00117a    program     static C:\MCC18\SRC\TRADIT~1\MATH\castFP16.asm
                  jMaxPos   0x00117e    program     static C:\MCC18\SRC\TRADIT~1\MATH\castFP16.asm
                  jMaxNeg   0x001188    program     static C:\MCC18\SRC\TRADIT~1\MATH\castFP16.asm
                    jZero   0x001190    program     static C:\MCC18\SRC\TRADIT~1\MATH\castFP16.asm
                  jNotInf   0x001196    program     static C:\MCC18\SRC\TRADIT~1\MATH\castFP16.asm
                    jLoop   0x0011a6    program     static C:\MCC18\SRC\TRADIT~1\MATH\castFP16.asm
                jLoopExit   0x0011b6    program     static C:\MCC18\SRC\TRADIT~1\MATH\castFP16.asm
                    jExit   0x0011c6    program     static C:\MCC18\SRC\TRADIT~1\MATH\castFP16.asm
            __FpReturnNaN   0x0011c8    program     extern C:\MCC18\SRC\TRADIT~1\MATH\packFP.asm
                 __FpExit   0x0011d4    program     extern C:\MCC18\SRC\TRADIT~1\MATH\packFP.asm
        __FpReturnSignInf   0x0011d6    program     extern C:\MCC18\SRC\TRADIT~1\MATH\packFP.asm
         __FpReturnNegInf   0x0011da    program     extern C:\MCC18\SRC\TRADIT~1\MATH\packFP.asm
         __FpReturnPosInf   0x0011e0    program     extern C:\MCC18\SRC\TRADIT~1\MATH\packFP.asm
           jReturnPosInf0   0x0011e4    program     static C:\MCC18\SRC\TRADIT~1\MATH\packFP.asm
               jZero1and2   0x0011e8    program     static C:\MCC18\SRC\TRADIT~1\MATH\packFP.asm
       __FpReturnSignZero   0x0011ee    program     extern C:\MCC18\SRC\TRADIT~1\MATH\packFP.asm
        __FpReturnNegZero   0x0011f2    program     extern C:\MCC18\SRC\TRADIT~1\MATH\packFP.asm
        __FpReturnPosZero   0x0011fa    program     extern C:\MCC18\SRC\TRADIT~1\MATH\packFP.asm
                 __FpPack   0x001200    program     extern C:\MCC18\SRC\TRADIT~1\MATH\packFP.asm
                  jPkLoop   0x00120e    program     static C:\MCC18\SRC\TRADIT~1\MATH\packFP.asm
             jPkShiftDone   0x00122a    program     static C:\MCC18\SRC\TRADIT~1\MATH\packFP.asm
               jPkRoundIt   0x001240    program     static C:\MCC18\SRC\TRADIT~1\MATH\packFP.asm
              __FpReturnW   0x001258    program     extern C:\MCC18\SRC\TRADIT~1\MATH\packFP.asm
             jPkRoundDone   0x001258    program     static C:\MCC18\SRC\TRADIT~1\MATH\packFP.asm
              __FpUnPackA   0x001278    program     extern C:\MCC18\SRC\TRADIT~1\MATH\UnpackFP.asm
                  jUnpkA1   0x001282    program     static C:\MCC18\SRC\TRADIT~1\MATH\UnpackFP.asm
                 jUnpkANZ   0x001290    program     static C:\MCC18\SRC\TRADIT~1\MATH\UnpackFP.asm
                  jUnpkA2   0x00129a    program     static C:\MCC18\SRC\TRADIT~1\MATH\UnpackFP.asm
                 jUnpkNaN   0x0012a4    program     static C:\MCC18\SRC\TRADIT~1\MATH\UnpackFP.asm
              __FpUnPackB   0x0012a8    program     extern C:\MCC18\SRC\TRADIT~1\MATH\UnpackFP.asm
                  jUnpkB1   0x0012b2    program     static C:\MCC18\SRC\TRADIT~1\MATH\UnpackFP.asm
                 jUnpkBNZ   0x0012c0    program     static C:\MCC18\SRC\TRADIT~1\MATH\UnpackFP.asm
                  jUnpkB2   0x0012ca    program     static C:\MCC18\SRC\TRADIT~1\MATH\UnpackFP.asm
                 FXM1616S   0x0012d4    program     extern C:\MCC18\SRC\TRADIT~1\MATH\fxm1616s.asm
               TSIGN1616A   0x001320    program     static C:\MCC18\SRC\TRADIT~1\MATH\fxm1616s.asm
                  sprintf   0x00132e    program     extern C:\MCC18\src\TRADIT~1\stdclib\sprintf.c
                _do_cinit   0x0013da    program     extern C:\MCC18\src\traditional\startup\c018i.c
                     test   0x0013f4    program     static                          
                copy_loop   0x00144c    program     static                          
            copy_one_byte   0x001452    program     static                          
             done_copying   0x001460    program     static                          
       ___return_lbl00002   0x001476    program     static                          
                     done   0x001476    program     static                          
                     putc   0x001478    program     extern C:\MCC18\src\TRADIT~1\stdclib\putc.c
                OpenUSART   0x0014fc    program     extern C:\MCC18\src\TRADIT~1\pmc\USART\uopen.c
                  FXM3232   0x001570    program     extern C:\MCC18\src\TRADIT~1\math\fxm3232.c
       ___return_lbl00000   0x0015de    program     static                          
                  OpenADC   0x0015e0    program     extern C:\MCC18\src\TRADIT~1\pmc\ADC\adcopen.c
                   strlen   0x001648    program     extern C:\MCC18\SRC\TRADIT~1\STDCLIB\strlen.asm
                    jLoop   0x001658    program     static C:\MCC18\SRC\TRADIT~1\STDCLIB\strlen.asm
                     jEnd   0x001662    program     static C:\MCC18\SRC\TRADIT~1\STDCLIB\strlen.asm
                strlenpgm   0x001664    program     extern C:\MCC18\SRC\TRADIT~1\STDCLIB\slenpgm.asm
                    jLoop   0x001682    program     static C:\MCC18\SRC\TRADIT~1\STDCLIB\slenpgm.asm
                   _2jEnd   0x001698    program     static C:\MCC18\SRC\TRADIT~1\STDCLIB\slenpgm.asm
                     jEnd   0x00169a    program     static C:\MCC18\SRC\TRADIT~1\STDCLIB\slenpgm.asm
                putsUSART   0x0016ae    program     extern C:\MCC18\src\TRADIT~1\pmc\USART\uputs.c
                 FXD3232U   0x0016fa    program     extern C:\MCC18\src\TRADIT~1\math\fxd3232u.c
                     loop   0x001708    program     static                          
                   _false   0x00173c    program     static                          
       ___return_lbl00000   0x001740    program     static                          
                  ReadADC   0x001742    program     extern C:\MCC18\src\TRADIT~1\pmc\ADC\adcread.c
             Delay10KTCYx   0x001780    program     extern C:\MCC18\SRC\TRADIT~1\DELAYS\d10ktcyx.asm
                    D10Kx   0x00178a    program     static C:\MCC18\SRC\TRADIT~1\DELAYS\d10ktcyx.asm
                   D10K_1   0x00178c    program     static C:\MCC18\SRC\TRADIT~1\DELAYS\d10ktcyx.asm
       _D10KTCYXCODE_0010   0x001790    program     static C:\MCC18\SRC\TRADIT~1\DELAYS\d10ktcyx.asm
                    D10Kl   0x001798    program     static C:\MCC18\SRC\TRADIT~1\DELAYS\d10ktcyx.asm
       _D10KTCYXCODE_001C   0x00179c    program     static C:\MCC18\SRC\TRADIT~1\DELAYS\d10ktcyx.asm
               WriteUSART   0x0017ae    program     extern C:\MCC18\src\TRADIT~1\pmc\USART\uwrite.c
               SetChanADC   0x0017dc    program     extern C:\MCC18\src\TRADIT~1\pmc\ADC\adcsetch.c
                 FXD1616U   0x00180a    program     extern C:\MCC18\src\TRADIT~1\math\fxd1616u.c
                     loop   0x001814    program     static                          
                  endloop   0x001830    program     static                          
       ___return_lbl00000   0x001834    program     static                          
                  isdigit   0x001836    program     extern C:\MCC18\SRC\TRADIT~1\STDCLIB\isdigit.asm
                   jMatch   0x001856    program     static C:\MCC18\SRC\TRADIT~1\STDCLIB\isdigit.asm
                 jNoMatch   0x001858    program     static C:\MCC18\SRC\TRADIT~1\STDCLIB\isdigit.asm
                 _startup   0x00185a    program     extern C:\MCC18\src\traditional\startup\c018i.c
                     loop   0x00186a    program     static                          
       ___return_lbl00001   0x001874    program     static                          
              _usart_putc   0x001876    program     extern C:\MCC18\SRC\TRADIT~1\PMC\USART\_usartpc.asm
                     loop   0x001886    program     static C:\MCC18\SRC\TRADIT~1\PMC\USART\_usartpc.asm
              Delay10TCYx   0x001892    program     extern C:\MCC18\SRC\TRADIT~1\DELAYS\d10tcyx.asm
                     D10x   0x00189a    program     static C:\MCC18\SRC\TRADIT~1\DELAYS\d10tcyx.asm
        _D10TCYXCODE_000A   0x00189c    program     static C:\MCC18\SRC\TRADIT~1\DELAYS\d10tcyx.asm
        _D10TCYXCODE_000C   0x00189e    program     static C:\MCC18\SRC\TRADIT~1\DELAYS\d10tcyx.asm
        _D10TCYXCODE_000E   0x0018a0    program     static C:\MCC18\SRC\TRADIT~1\DELAYS\d10tcyx.asm
                    D10_1   0x0018a2    program     static C:\MCC18\SRC\TRADIT~1\DELAYS\d10tcyx.asm
                 s_digits   0x0018a8    program     static C:\MCC18\src\TRADIT~1\stdclib\vfprintf.c
               __string_1   0x0018b9    program     static E:\helo\Source\PIC source\Morken\18f4431 Gyro AtoD\main.c
               __string_0   0x0018bf    program     static E:\helo\Source\PIC source\Morken\18f4431 Gyro AtoD\main.c
                  BusyADC   0x0018c6    program     extern C:\MCC18\src\TRADIT~1\pmc\ADC\adcbusy.c
               ConvertADC   0x0018d0    program     extern C:\MCC18\src\TRADIT~1\pmc\ADC\adcconv.c
               _user_putc   0x0018d4    program     extern C:\MCC18\src\TRADIT~1\stdclib\_user_putc.c
                   __init   0x0018d6    program     extern C:\MCC18\src\TRADIT~1\stdclib\__init.c
                     SIGN   0x000000       data     extern C:\MCC18\SRC\TRADIT~1\MATH\cmath18.asm
                __FPFLAGS   0x000001       data     extern C:\MCC18\SRC\TRADIT~1\MATH\cmath18.asm
            __FPFLAGSbits   0x000001       data     extern C:\MCC18\SRC\TRADIT~1\MATH\cmath18.asm
                 __AARGB7   0x000002       data     extern C:\MCC18\SRC\TRADIT~1\MATH\aarg.asm
                  __REMB3   0x000002       data     extern C:\MCC18\SRC\TRADIT~1\MATH\aarg.asm
                 __AARGB6   0x000003       data     extern C:\MCC18\SRC\TRADIT~1\MATH\aarg.asm
                  __REMB2   0x000003       data     extern C:\MCC18\SRC\TRADIT~1\MATH\aarg.asm
                  __REMB1   0x000004       data     extern C:\MCC18\SRC\TRADIT~1\MATH\aarg.asm
                 __AARGB5   0x000004       data     extern C:\MCC18\SRC\TRADIT~1\MATH\aarg.asm
                 __AARGB4   0x000005       data     extern C:\MCC18\SRC\TRADIT~1\MATH\aarg.asm
                  __REMB0   0x000005       data     extern C:\MCC18\SRC\TRADIT~1\MATH\aarg.asm
                 __AARGB3   0x000006       data     extern C:\MCC18\SRC\TRADIT~1\MATH\aarg.asm
                 __AARGB2   0x000007       data     extern C:\MCC18\SRC\TRADIT~1\MATH\aarg.asm
                 __AARGB1   0x000008       data     extern C:\MCC18\SRC\TRADIT~1\MATH\aarg.asm
                 __AARGB0   0x000009       data     extern C:\MCC18\SRC\TRADIT~1\MATH\aarg.asm
                   __AEXP   0x00000a       data     extern C:\MCC18\SRC\TRADIT~1\MATH\aarg.asm
                 __BARGB3   0x00000b       data     extern C:\MCC18\SRC\TRADIT~1\MATH\barg.asm
                 __BARGB2   0x00000c       data     extern C:\MCC18\SRC\TRADIT~1\MATH\barg.asm
                 __BARGB1   0x00000d       data     extern C:\MCC18\SRC\TRADIT~1\MATH\barg.asm
                 __BARGB0   0x00000e       data     extern C:\MCC18\SRC\TRADIT~1\MATH\barg.asm
                   __BEXP   0x00000f       data     extern C:\MCC18\SRC\TRADIT~1\MATH\barg.asm
                 __TEMPB3   0x000010       data     extern C:\MCC18\SRC\TRADIT~1\MATH\temparg.asm
                 __TEMPB2   0x000011       data     extern C:\MCC18\SRC\TRADIT~1\MATH\temparg.asm
                 __TEMPB1   0x000012       data     extern C:\MCC18\SRC\TRADIT~1\MATH\temparg.asm
                   __TEMP   0x000013       data     extern C:\MCC18\SRC\TRADIT~1\MATH\temparg.asm
                 __TEMPB0   0x000013       data     extern C:\MCC18\SRC\TRADIT~1\MATH\temparg.asm
                  __tmp_0   0x000014       data     static E:\helo\Source\PIC source\Morken\18f4431 Gyro AtoD\main.c
                  __tmp_0   0x000014       data     static C:\MCC18\src\TRADIT~1\pmc\USART\uopen.c
                  __tmp_0   0x000014       data     static C:\MCC18\src\TRADIT~1\pmc\ADC\adcread.c
                  __tmp_0   0x000014       data     static C:\MCC18\src\TRADIT~1\stdclib\sprintf.c
                  __tmp_0   0x000014       data     static C:\MCC18\src\TRADIT~1\stdclib\vfprintf.c
                  __tmp_0   0x000014       data     static C:\MCC18\src\TRADIT~1\stdclib\putc.c
                  __tmp_0   0x000014       data     static C:\MCC18\src\TRADIT~1\pmc\ADC\adcsetch.c
            DelayCounter2   0x00001b       data     extern C:\MCC18\SRC\TRADIT~1\DELAYS\delayd2.asm
            DelayCounter1   0x00001c       data     extern C:\MCC18\SRC\TRADIT~1\DELAYS\delayd1.asm
                   adcVal   0x000060       data     extern E:\helo\Source\PIC source\Morken\18f4431 Gyro AtoD\main.c
                NumString   0x000062       data     extern E:\helo\Source\PIC source\Morken\18f4431 Gyro AtoD\main.c
     NormalizedGyroValueX   0x00006c       data     extern E:\helo\Source\PIC source\Morken\18f4431 Gyro AtoD\main.c
     NormalizedGyroValueY   0x00006e       data     extern E:\helo\Source\PIC source\Morken\18f4431 Gyro AtoD\main.c
                     prom   0x000070       data     static C:\MCC18\src\traditional\startup\c018i.c
                curr_byte   0x000073       data     static C:\MCC18\src\traditional\startup\c018i.c
               curr_entry   0x000075       data     static C:\MCC18\src\traditional\startup\c018i.c
                 data_ptr   0x000077       data     static C:\MCC18\src\traditional\startup\c018i.c
             USART_Status   0x00007a       data     extern C:\MCC18\src\TRADIT~1\pmc\USART\usartd.c
              DFLTCONbits   0x000f60       data     extern C:\MCC18\SRC\TRADIT~1\PROC\p18f4431.asm
                  DFLTCON   0x000f60       data     extern C:\MCC18\SRC\TRADIT~1\PROC\p18f4431.asm
                  CAP3CON   0x000f61       data     extern C:\MCC18\SRC\TRADIT~1\PROC\p18f4431.asm
              CAP3CONbits   0x000f61       data     extern C:\MCC18\SRC\TRADIT~1\PROC\p18f4431.asm
                  CAP2CON   0x000f62       data     extern C:\MCC18\SRC\TRADIT~1\PROC\p18f4431.asm
              CAP2CONbits   0x000f62       data     extern C:\MCC18\SRC\TRADIT~1\PROC\p18f4431.asm
              CAP1CONbits   0x000f63       data     extern C:\MCC18\SRC\TRADIT~1\PROC\p18f4431.asm
                  CAP1CON   0x000f63       data     extern C:\MCC18\SRC\TRADIT~1\PROC\p18f4431.asm
                 CAP3BUFL   0x000f64       data     extern C:\MCC18\SRC\TRADIT~1\PROC\p18f4431.asm
                  MAXCNTL   0x000f64       data     extern C:\MCC18\SRC\TRADIT~1\PROC\p18f4431.asm
                 CAP3BUFH   0x000f65       data     extern C:\MCC18\SRC\TRADIT~1\PROC\p18f4431.asm
                  MAXCNTH   0x000f65       data     extern C:\MCC18\SRC\TRADIT~1\PROC\p18f4431.asm
                  POSCNTL   0x000f66       data     extern C:\MCC18\SRC\TRADIT~1\PROC\p18f4431.asm
                 CAP2BUFL   0x000f66       data     extern C:\MCC18\SRC\TRADIT~1\PROC\p18f4431.asm
                  POSCNTH   0x000f67       data     extern C:\MCC18\SRC\TRADIT~1\PROC\p18f4431.asm
                 CAP2BUFH   0x000f67       data     extern C:\MCC18\SRC\TRADIT~1\PROC\p18f4431.asm
                    VELRL   0x000f68       data     extern C:\MCC18\SRC\TRADIT~1\PROC\p18f4431.asm
                 CAP1BUFL   0x000f68       data     extern C:\MCC18\SRC\TRADIT~1\PROC\p18f4431.asm
                    VELRH   0x000f69       data     extern C:\MCC18\SRC\TRADIT~1\PROC\p18f4431.asm
                 CAP1BUFH   0x000f69       data     extern C:\MCC18\SRC\TRADIT~1\PROC\p18f4431.asm
                  OVDCONS   0x000f6a       data     extern C:\MCC18\SRC\TRADIT~1\PROC\p18f4431.asm
              OVDCONSbits   0x000f6a       data     extern C:\MCC18\SRC\TRADIT~1\PROC\p18f4431.asm
                  OVDCOND   0x000f6b       data     extern C:\MCC18\SRC\TRADIT~1\PROC\p18f4431.asm
              OVDCONDbits   0x000f6b       data     extern C:\MCC18\SRC\TRADIT~1\PROC\p18f4431.asm
                FLTCONFIG   0x000f6c       data     extern C:\MCC18\SRC\TRADIT~1\PROC\p18f4431.asm
            FLTCONFIGbits   0x000f6c       data     extern C:\MCC18\SRC\TRADIT~1\PROC\p18f4431.asm
                    DTCON   0x000f6d       data     extern C:\MCC18\SRC\TRADIT~1\PROC\p18f4431.asm
                DTCONbits   0x000f6d       data     extern C:\MCC18\SRC\TRADIT~1\PROC\p18f4431.asm
                  PWMCON1   0x000f6e       data     extern C:\MCC18\SRC\TRADIT~1\PROC\p18f4431.asm
              PWMCON1bits   0x000f6e       data     extern C:\MCC18\SRC\TRADIT~1\PROC\p18f4431.asm
              PWMCON0bits   0x000f6f       data     extern C:\MCC18\SRC\TRADIT~1\PROC\p18f4431.asm
                  PWMCON0   0x000f6f       data     extern C:\MCC18\SRC\TRADIT~1\PROC\p18f4431.asm
                 SEVTCMPH   0x000f70       data     extern C:\MCC18\SRC\TRADIT~1\PROC\p18f4431.asm
                 SEVTCMPL   0x000f71       data     extern C:\MCC18\SRC\TRADIT~1\PROC\p18f4431.asm
                    PDC3H   0x000f72       data     extern C:\MCC18\SRC\TRADIT~1\PROC\p18f4431.asm
                    PDC3L   0x000f73       data     extern C:\MCC18\SRC\TRADIT~1\PROC\p18f4431.asm
                    PDC2H   0x000f74       data     extern C:\MCC18\SRC\TRADIT~1\PROC\p18f4431.asm
                    PDC2L   0x000f75       data     extern C:\MCC18\SRC\TRADIT~1\PROC\p18f4431.asm
                    PDC1H   0x000f76       data     extern C:\MCC18\SRC\TRADIT~1\PROC\p18f4431.asm
                    PDC1L   0x000f77       data     extern C:\MCC18\SRC\TRADIT~1\PROC\p18f4431.asm
                    PDC0H   0x000f78       data     extern C:\MCC18\SRC\TRADIT~1\PROC\p18f4431.asm
                    PDC0L   0x000f79       data     extern C:\MCC18\SRC\TRADIT~1\PROC\p18f4431.asm
                   PTPERH   0x000f7a       data     extern C:\MCC18\SRC\TRADIT~1\PROC\p18f4431.asm
                   PTPERL   0x000f7b       data     extern C:\MCC18\SRC\TRADIT~1\PROC\p18f4431.asm
                    PTMRH   0x000f7c       data     extern C:\MCC18\SRC\TRADIT~1\PROC\p18f4431.asm
                    PTMRL   0x000f7d       data     extern C:\MCC18\SRC\TRADIT~1\PROC\p18f4431.asm
               PTCON1bits   0x000f7e       data     extern C:\MCC18\SRC\TRADIT~1\PROC\p18f4431.asm
                   PTCON1   0x000f7e       data     extern C:\MCC18\SRC\TRADIT~1\PROC\p18f4431.asm
                   PTCON0   0x000f7f       data     extern C:\MCC18\SRC\TRADIT~1\PROC\p18f4431.asm
               PTCON0bits   0x000f7f       data     extern C:\MCC18\SRC\TRADIT~1\PROC\p18f4431.asm
                PORTAbits   0x000f80       data     extern C:\MCC18\SRC\TRADIT~1\PROC\p18f4431.asm
                    PORTA   0x000f80       data     extern C:\MCC18\SRC\TRADIT~1\PROC\p18f4431.asm
                    PORTB   0x000f81       data     extern C:\MCC18\SRC\TRADIT~1\PROC\p18f4431.asm
                PORTBbits   0x000f81       data     extern C:\MCC18\SRC\TRADIT~1\PROC\p18f4431.asm
                    PORTC   0x000f82       data     extern C:\MCC18\SRC\TRADIT~1\PROC\p18f4431.asm
                PORTCbits   0x000f82       data     extern C:\MCC18\SRC\TRADIT~1\PROC\p18f4431.asm
                    PORTD   0x000f83       data     extern C:\MCC18\SRC\TRADIT~1\PROC\p18f4431.asm
                PORTDbits   0x000f83       data     extern C:\MCC18\SRC\TRADIT~1\PROC\p18f4431.asm
                    PORTE   0x000f84       data     extern C:\MCC18\SRC\TRADIT~1\PROC\p18f4431.asm
                PORTEbits   0x000f84       data     extern C:\MCC18\SRC\TRADIT~1\PROC\p18f4431.asm
                    TMR5L   0x000f87       data     extern C:\MCC18\SRC\TRADIT~1\PROC\p18f4431.asm
                    TMR5H   0x000f88       data     extern C:\MCC18\SRC\TRADIT~1\PROC\p18f4431.asm
                 LATAbits   0x000f89       data     extern C:\MCC18\SRC\TRADIT~1\PROC\p18f4431.asm
                     LATA   0x000f89       data     extern C:\MCC18\SRC\TRADIT~1\PROC\p18f4431.asm
                 LATBbits   0x000f8a       data     extern C:\MCC18\SRC\TRADIT~1\PROC\p18f4431.asm
                     LATB   0x000f8a       data     extern C:\MCC18\SRC\TRADIT~1\PROC\p18f4431.asm
                 LATCbits   0x000f8b       data     extern C:\MCC18\SRC\TRADIT~1\PROC\p18f4431.asm
                     LATC   0x000f8b       data     extern C:\MCC18\SRC\TRADIT~1\PROC\p18f4431.asm
                 LATDbits   0x000f8c       data     extern C:\MCC18\SRC\TRADIT~1\PROC\p18f4431.asm
                     LATD   0x000f8c       data     extern C:\MCC18\SRC\TRADIT~1\PROC\p18f4431.asm
                 LATEbits   0x000f8d       data     extern C:\MCC18\SRC\TRADIT~1\PROC\p18f4431.asm
                     LATE   0x000f8d       data     extern C:\MCC18\SRC\TRADIT~1\PROC\p18f4431.asm
                     PR5L   0x000f90       data     extern C:\MCC18\SRC\TRADIT~1\PROC\p18f4431.asm
                     PR5H   0x000f91       data     extern C:\MCC18\SRC\TRADIT~1\PROC\p18f4431.asm
                     DDRA   0x000f92       data     extern C:\MCC18\SRC\TRADIT~1\PROC\p18f4431.asm
                 DDRAbits   0x000f92       data     extern C:\MCC18\SRC\TRADIT~1\PROC\p18f4431.asm
                    TRISA   0x000f92       data     extern C:\MCC18\SRC\TRADIT~1\PROC\p18f4431.asm
                TRISAbits   0x000f92       data     extern C:\MCC18\SRC\TRADIT~1\PROC\p18f4431.asm
                     DDRB   0x000f93       data     extern C:\MCC18\SRC\TRADIT~1\PROC\p18f4431.asm
                 DDRBbits   0x000f93       data     extern C:\MCC18\SRC\TRADIT~1\PROC\p18f4431.asm
                TRISBbits   0x000f93       data     extern C:\MCC18\SRC\TRADIT~1\PROC\p18f4431.asm
                    TRISB   0x000f93       data     extern C:\MCC18\SRC\TRADIT~1\PROC\p18f4431.asm
                 DDRCbits   0x000f94       data     extern C:\MCC18\SRC\TRADIT~1\PROC\p18f4431.asm
                     DDRC   0x000f94       data     extern C:\MCC18\SRC\TRADIT~1\PROC\p18f4431.asm
                TRISCbits   0x000f94       data     extern C:\MCC18\SRC\TRADIT~1\PROC\p18f4431.asm
                    TRISC   0x000f94       data     extern C:\MCC18\SRC\TRADIT~1\PROC\p18f4431.asm
                    TRISD   0x000f95       data     extern C:\MCC18\SRC\TRADIT~1\PROC\p18f4431.asm
                TRISDbits   0x000f95       data     extern C:\MCC18\SRC\TRADIT~1\PROC\p18f4431.asm
                 DDRDbits   0x000f95       data     extern C:\MCC18\SRC\TRADIT~1\PROC\p18f4431.asm
                     DDRD   0x000f95       data     extern C:\MCC18\SRC\TRADIT~1\PROC\p18f4431.asm
                    TRISE   0x000f96       data     extern C:\MCC18\SRC\TRADIT~1\PROC\p18f4431.asm
                TRISEbits   0x000f96       data     extern C:\MCC18\SRC\TRADIT~1\PROC\p18f4431.asm
                 DDREbits   0x000f96       data     extern C:\MCC18\SRC\TRADIT~1\PROC\p18f4431.asm
                     DDRE   0x000f96       data     extern C:\MCC18\SRC\TRADIT~1\PROC\p18f4431.asm
                    ADCHS   0x000f99       data     extern C:\MCC18\SRC\TRADIT~1\PROC\p18f4431.asm
                ADCHSbits   0x000f99       data     extern C:\MCC18\SRC\TRADIT~1\PROC\p18f4431.asm
                   ADCON3   0x000f9a       data     extern C:\MCC18\SRC\TRADIT~1\PROC\p18f4431.asm
               ADCON3bits   0x000f9a       data     extern C:\MCC18\SRC\TRADIT~1\PROC\p18f4431.asm
              OSCTUNEbits   0x000f9b       data     extern C:\MCC18\SRC\TRADIT~1\PROC\p18f4431.asm
                  OSCTUNE   0x000f9b       data     extern C:\MCC18\SRC\TRADIT~1\PROC\p18f4431.asm
                 PIE1bits   0x000f9d       data     extern C:\MCC18\SRC\TRADIT~1\PROC\p18f4431.asm
                     PIE1   0x000f9d       data     extern C:\MCC18\SRC\TRADIT~1\PROC\p18f4431.asm
                 PIR1bits   0x000f9e       data     extern C:\MCC18\SRC\TRADIT~1\PROC\p18f4431.asm
                     PIR1   0x000f9e       data     extern C:\MCC18\SRC\TRADIT~1\PROC\p18f4431.asm
                 IPR1bits   0x000f9f       data     extern C:\MCC18\SRC\TRADIT~1\PROC\p18f4431.asm
                     IPR1   0x000f9f       data     extern C:\MCC18\SRC\TRADIT~1\PROC\p18f4431.asm
                 PIE2bits   0x000fa0       data     extern C:\MCC18\SRC\TRADIT~1\PROC\p18f4431.asm
                     PIE2   0x000fa0       data     extern C:\MCC18\SRC\TRADIT~1\PROC\p18f4431.asm
                     PIR2   0x000fa1       data     extern C:\MCC18\SRC\TRADIT~1\PROC\p18f4431.asm
                 PIR2bits   0x000fa1       data     extern C:\MCC18\SRC\TRADIT~1\PROC\p18f4431.asm
                     IPR2   0x000fa2       data     extern C:\MCC18\SRC\TRADIT~1\PROC\p18f4431.asm
                 IPR2bits   0x000fa2       data     extern C:\MCC18\SRC\TRADIT~1\PROC\p18f4431.asm
                 PIE3bits   0x000fa3       data     extern C:\MCC18\SRC\TRADIT~1\PROC\p18f4431.asm
                     PIE3   0x000fa3       data     extern C:\MCC18\SRC\TRADIT~1\PROC\p18f4431.asm
                     PIR3   0x000fa4       data     extern C:\MCC18\SRC\TRADIT~1\PROC\p18f4431.asm
                 PIR3bits   0x000fa4       data     extern C:\MCC18\SRC\TRADIT~1\PROC\p18f4431.asm
                     IPR3   0x000fa5       data     extern C:\MCC18\SRC\TRADIT~1\PROC\p18f4431.asm
                 IPR3bits   0x000fa5       data     extern C:\MCC18\SRC\TRADIT~1\PROC\p18f4431.asm
               EECON1bits   0x000fa6       data     extern C:\MCC18\SRC\TRADIT~1\PROC\p18f4431.asm
                   EECON1   0x000fa6       data     extern C:\MCC18\SRC\TRADIT~1\PROC\p18f4431.asm
                   EECON2   0x000fa7       data     extern C:\MCC18\SRC\TRADIT~1\PROC\p18f4431.asm
                   EEDATA   0x000fa8       data     extern C:\MCC18\SRC\TRADIT~1\PROC\p18f4431.asm
                    EEADR   0x000fa9       data     extern C:\MCC18\SRC\TRADIT~1\PROC\p18f4431.asm
              BAUDCTLbits   0x000faa       data     extern C:\MCC18\SRC\TRADIT~1\PROC\p18f4431.asm
                  BAUDCTL   0x000faa       data     extern C:\MCC18\SRC\TRADIT~1\PROC\p18f4431.asm
              BAUDCONbits   0x000faa       data     extern C:\MCC18\SRC\TRADIT~1\PROC\p18f4431.asm
                  BAUDCON   0x000faa       data     extern C:\MCC18\SRC\TRADIT~1\PROC\p18f4431.asm
                RCSTAbits   0x000fab       data     extern C:\MCC18\SRC\TRADIT~1\PROC\p18f4431.asm
                    RCSTA   0x000fab       data     extern C:\MCC18\SRC\TRADIT~1\PROC\p18f4431.asm
                TXSTAbits   0x000fac       data     extern C:\MCC18\SRC\TRADIT~1\PROC\p18f4431.asm
                    TXSTA   0x000fac       data     extern C:\MCC18\SRC\TRADIT~1\PROC\p18f4431.asm
                    TXREG   0x000fad       data     extern C:\MCC18\SRC\TRADIT~1\PROC\p18f4431.asm
                    RCREG   0x000fae       data     extern C:\MCC18\SRC\TRADIT~1\PROC\p18f4431.asm
                    SPBRG   0x000faf       data     extern C:\MCC18\SRC\TRADIT~1\PROC\p18f4431.asm
                   SPBRGH   0x000fb0       data     extern C:\MCC18\SRC\TRADIT~1\PROC\p18f4431.asm
                   QEICON   0x000fb6       data     extern C:\MCC18\SRC\TRADIT~1\PROC\p18f4431.asm
               QEICONbits   0x000fb6       data     extern C:\MCC18\SRC\TRADIT~1\PROC\p18f4431.asm
                    T5CON   0x000fb7       data     extern C:\MCC18\SRC\TRADIT~1\PROC\p18f4431.asm
                T5CONbits   0x000fb7       data     extern C:\MCC18\SRC\TRADIT~1\PROC\p18f4431.asm
               ANSEL0bits   0x000fb8       data     extern C:\MCC18\SRC\TRADIT~1\PROC\p18f4431.asm
                   ANSEL0   0x000fb8       data     extern C:\MCC18\SRC\TRADIT~1\PROC\p18f4431.asm
               ANSEL1bits   0x000fb9       data     extern C:\MCC18\SRC\TRADIT~1\PROC\p18f4431.asm
                   ANSEL1   0x000fb9       data     extern C:\MCC18\SRC\TRADIT~1\PROC\p18f4431.asm
              CCP2CONbits   0x000fba       data     extern C:\MCC18\SRC\TRADIT~1\PROC\p18f4431.asm
                  CCP2CON   0x000fba       data     extern C:\MCC18\SRC\TRADIT~1\PROC\p18f4431.asm
                   CCPR2L   0x000fbb       data     extern C:\MCC18\SRC\TRADIT~1\PROC\p18f4431.asm
                    CCPR2   0x000fbb       data     extern C:\MCC18\SRC\TRADIT~1\PROC\p18f4431.asm
                   CCPR2H   0x000fbc       data     extern C:\MCC18\SRC\TRADIT~1\PROC\p18f4431.asm
              CCP1CONbits   0x000fbd       data     extern C:\MCC18\SRC\TRADIT~1\PROC\p18f4431.asm
                  CCP1CON   0x000fbd       data     extern C:\MCC18\SRC\TRADIT~1\PROC\p18f4431.asm
                    CCPR1   0x000fbe       data     extern C:\MCC18\SRC\TRADIT~1\PROC\p18f4431.asm
                   CCPR1L   0x000fbe       data     extern C:\MCC18\SRC\TRADIT~1\PROC\p18f4431.asm
                   CCPR1H   0x000fbf       data     extern C:\MCC18\SRC\TRADIT~1\PROC\p18f4431.asm
                   ADCON2   0x000fc0       data     extern C:\MCC18\SRC\TRADIT~1\PROC\p18f4431.asm
               ADCON2bits   0x000fc0       data     extern C:\MCC18\SRC\TRADIT~1\PROC\p18f4431.asm
               ADCON1bits   0x000fc1       data     extern C:\MCC18\SRC\TRADIT~1\PROC\p18f4431.asm
                   ADCON1   0x000fc1       data     extern C:\MCC18\SRC\TRADIT~1\PROC\p18f4431.asm
               ADCON0bits   0x000fc2       data     extern C:\MCC18\SRC\TRADIT~1\PROC\p18f4431.asm
                   ADCON0   0x000fc2       data     extern C:\MCC18\SRC\TRADIT~1\PROC\p18f4431.asm
                    ADRES   0x000fc3       data     extern C:\MCC18\SRC\TRADIT~1\PROC\p18f4431.asm
                   ADRESL   0x000fc3       data     extern C:\MCC18\SRC\TRADIT~1\PROC\p18f4431.asm
                   ADRESH   0x000fc4       data     extern C:\MCC18\SRC\TRADIT~1\PROC\p18f4431.asm
               SSPCONbits   0x000fc6       data     extern C:\MCC18\SRC\TRADIT~1\PROC\p18f4431.asm
                   SSPCON   0x000fc6       data     extern C:\MCC18\SRC\TRADIT~1\PROC\p18f4431.asm
                  SSPSTAT   0x000fc7       data     extern C:\MCC18\SRC\TRADIT~1\PROC\p18f4431.asm
              SSPSTATbits   0x000fc7       data     extern C:\MCC18\SRC\TRADIT~1\PROC\p18f4431.asm
                   SSPADD   0x000fc8       data     extern C:\MCC18\SRC\TRADIT~1\PROC\p18f4431.asm
                   SSPBUF   0x000fc9       data     extern C:\MCC18\SRC\TRADIT~1\PROC\p18f4431.asm
                T2CONbits   0x000fca       data     extern C:\MCC18\SRC\TRADIT~1\PROC\p18f4431.asm
                    T2CON   0x000fca       data     extern C:\MCC18\SRC\TRADIT~1\PROC\p18f4431.asm
                      PR2   0x000fcb       data     extern C:\MCC18\SRC\TRADIT~1\PROC\p18f4431.asm
                     TMR2   0x000fcc       data     extern C:\MCC18\SRC\TRADIT~1\PROC\p18f4431.asm
                T1CONbits   0x000fcd       data     extern C:\MCC18\SRC\TRADIT~1\PROC\p18f4431.asm
                    T1CON   0x000fcd       data     extern C:\MCC18\SRC\TRADIT~1\PROC\p18f4431.asm
                    TMR1L   0x000fce       data     extern C:\MCC18\SRC\TRADIT~1\PROC\p18f4431.asm
                    TMR1H   0x000fcf       data     extern C:\MCC18\SRC\TRADIT~1\PROC\p18f4431.asm
                 RCONbits   0x000fd0       data     extern C:\MCC18\SRC\TRADIT~1\PROC\p18f4431.asm
                     RCON   0x000fd0       data     extern C:\MCC18\SRC\TRADIT~1\PROC\p18f4431.asm
                   WDTCON   0x000fd1       data     extern C:\MCC18\SRC\TRADIT~1\PROC\p18f4431.asm
               WDTCONbits   0x000fd1       data     extern C:\MCC18\SRC\TRADIT~1\PROC\p18f4431.asm
               LVDCONbits   0x000fd2       data     extern C:\MCC18\SRC\TRADIT~1\PROC\p18f4431.asm
                   LVDCON   0x000fd2       data     extern C:\MCC18\SRC\TRADIT~1\PROC\p18f4431.asm
                   OSCCON   0x000fd3       data     extern C:\MCC18\SRC\TRADIT~1\PROC\p18f4431.asm
               OSCCONbits   0x000fd3       data     extern C:\MCC18\SRC\TRADIT~1\PROC\p18f4431.asm
                    T0CON   0x000fd5       data     extern C:\MCC18\SRC\TRADIT~1\PROC\p18f4431.asm
                T0CONbits   0x000fd5       data     extern C:\MCC18\SRC\TRADIT~1\PROC\p18f4431.asm
                    TMR0L   0x000fd6       data     extern C:\MCC18\SRC\TRADIT~1\PROC\p18f4431.asm
                    TMR0H   0x000fd7       data     extern C:\MCC18\SRC\TRADIT~1\PROC\p18f4431.asm
                   STATUS   0x000fd8       data     extern C:\MCC18\SRC\TRADIT~1\PROC\p18f4431.asm
               STATUSbits   0x000fd8       data     extern C:\MCC18\SRC\TRADIT~1\PROC\p18f4431.asm
                    FSR2L   0x000fd9       data     extern C:\MCC18\SRC\TRADIT~1\PROC\p18f4431.asm
                     FSR2   0x000fd9       data     extern C:\MCC18\SRC\TRADIT~1\PROC\p18f4431.asm
                    FSR2H   0x000fda       data     extern C:\MCC18\SRC\TRADIT~1\PROC\p18f4431.asm
                   PLUSW2   0x000fdb       data     extern C:\MCC18\SRC\TRADIT~1\PROC\p18f4431.asm
                  PREINC2   0x000fdc       data     extern C:\MCC18\SRC\TRADIT~1\PROC\p18f4431.asm
                 POSTDEC2   0x000fdd       data     extern C:\MCC18\SRC\TRADIT~1\PROC\p18f4431.asm
                 POSTINC2   0x000fde       data     extern C:\MCC18\SRC\TRADIT~1\PROC\p18f4431.asm
                    INDF2   0x000fdf       data     extern C:\MCC18\SRC\TRADIT~1\PROC\p18f4431.asm
                      BSR   0x000fe0       data     extern C:\MCC18\SRC\TRADIT~1\PROC\p18f4431.asm
                     FSR1   0x000fe1       data     extern C:\MCC18\SRC\TRADIT~1\PROC\p18f4431.asm
                    FSR1L   0x000fe1       data     extern C:\MCC18\SRC\TRADIT~1\PROC\p18f4431.asm
                    FSR1H   0x000fe2       data     extern C:\MCC18\SRC\TRADIT~1\PROC\p18f4431.asm
                   PLUSW1   0x000fe3       data     extern C:\MCC18\SRC\TRADIT~1\PROC\p18f4431.asm
                  PREINC1   0x000fe4       data     extern C:\MCC18\SRC\TRADIT~1\PROC\p18f4431.asm
                 POSTDEC1   0x000fe5       data     extern C:\MCC18\SRC\TRADIT~1\PROC\p18f4431.asm
                 POSTINC1   0x000fe6       data     extern C:\MCC18\SRC\TRADIT~1\PROC\p18f4431.asm
                    INDF1   0x000fe7       data     extern C:\MCC18\SRC\TRADIT~1\PROC\p18f4431.asm
                     WREG   0x000fe8       data     extern C:\MCC18\SRC\TRADIT~1\PROC\p18f4431.asm
                     FSR0   0x000fe9       data     extern C:\MCC18\SRC\TRADIT~1\PROC\p18f4431.asm
                    FSR0L   0x000fe9       data     extern C:\MCC18\SRC\TRADIT~1\PROC\p18f4431.asm
                    FSR0H   0x000fea       data     extern C:\MCC18\SRC\TRADIT~1\PROC\p18f4431.asm
                   PLUSW0   0x000feb       data     extern C:\MCC18\SRC\TRADIT~1\PROC\p18f4431.asm
                  PREINC0   0x000fec       data     extern C:\MCC18\SRC\TRADIT~1\PROC\p18f4431.asm
                 POSTDEC0   0x000fed       data     extern C:\MCC18\SRC\TRADIT~1\PROC\p18f4431.asm
                 POSTINC0   0x000fee       data     extern C:\MCC18\SRC\TRADIT~1\PROC\p18f4431.asm
                    INDF0   0x000fef       data     extern C:\MCC18\SRC\TRADIT~1\PROC\p18f4431.asm
              INTCON3bits   0x000ff0       data     extern C:\MCC18\SRC\TRADIT~1\PROC\p18f4431.asm
                  INTCON3   0x000ff0       data     extern C:\MCC18\SRC\TRADIT~1\PROC\p18f4431.asm
              INTCON2bits   0x000ff1       data     extern C:\MCC18\SRC\TRADIT~1\PROC\p18f4431.asm
                  INTCON2   0x000ff1       data     extern C:\MCC18\SRC\TRADIT~1\PROC\p18f4431.asm
               INTCONbits   0x000ff2       data     extern C:\MCC18\SRC\TRADIT~1\PROC\p18f4431.asm
                   INTCON   0x000ff2       data     extern C:\MCC18\SRC\TRADIT~1\PROC\p18f4431.asm
                     PROD   0x000ff3       data     extern C:\MCC18\SRC\TRADIT~1\PROC\p18f4431.asm
                    PRODL   0x000ff3       data     extern C:\MCC18\SRC\TRADIT~1\PROC\p18f4431.asm
                    PRODH   0x000ff4       data     extern C:\MCC18\SRC\TRADIT~1\PROC\p18f4431.asm
                   TABLAT   0x000ff5       data     extern C:\MCC18\SRC\TRADIT~1\PROC\p18f4431.asm
                   TBLPTR   0x000ff6       data     extern C:\MCC18\SRC\TRADIT~1\PROC\p18f4431.asm
                  TBLPTRL   0x000ff6       data     extern C:\MCC18\SRC\TRADIT~1\PROC\p18f4431.asm
                  TBLPTRH   0x000ff7       data     extern C:\MCC18\SRC\TRADIT~1\PROC\p18f4431.asm
                  TBLPTRU   0x000ff8       data     extern C:\MCC18\SRC\TRADIT~1\PROC\p18f4431.asm
                       PC   0x000ff9       data     extern C:\MCC18\SRC\TRADIT~1\PROC\p18f4431.asm
                      PCL   0x000ff9       data     extern C:\MCC18\SRC\TRADIT~1\PROC\p18f4431.asm
                   PCLATH   0x000ffa       data     extern C:\MCC18\SRC\TRADIT~1\PROC\p18f4431.asm
                   PCLATU   0x000ffb       data     extern C:\MCC18\SRC\TRADIT~1\PROC\p18f4431.asm
               STKPTRbits   0x000ffc       data     extern C:\MCC18\SRC\TRADIT~1\PROC\p18f4431.asm
                   STKPTR   0x000ffc       data     extern C:\MCC18\SRC\TRADIT~1\PROC\p18f4431.asm
                     TOSL   0x000ffd       data     extern C:\MCC18\SRC\TRADIT~1\PROC\p18f4431.asm
                      TOS   0x000ffd       data     extern C:\MCC18\SRC\TRADIT~1\PROC\p18f4431.asm
                     TOSH   0x000ffe       data     extern C:\MCC18\SRC\TRADIT~1\PROC\p18f4431.asm
                     TOSU   0x000fff       data     extern C:\MCC18\SRC\TRADIT~1\PROC\p18f4431.asm


